INFO main com.bayer.digitalfarming.frontend.selenium.utils.config.PropertiesRepository - List of files to load : null
ERROR main com.bayer.digitalfarming.frontend.selenium.utils.test.MyTest - Unable to load properties files
java.lang.NullPointerException
	at java.util.StringTokenizer.<init>(Unknown Source)
	at java.util.StringTokenizer.<init>(Unknown Source)
	at com.bayer.digitalfarming.frontend.selenium.utils.config.PropertiesRepository.loadAllProperties(PropertiesRepository.java:50)
	at com.bayer.digitalfarming.frontend.selenium.utils.test.MyTest.<clinit>(MyTest.java:25)
	at sun.reflect.NativeConstructorAccessorImpl.newInstance0(Native Method)
	at sun.reflect.NativeConstructorAccessorImpl.newInstance(Unknown Source)
	at sun.reflect.DelegatingConstructorAccessorImpl.newInstance(Unknown Source)
	at java.lang.reflect.Constructor.newInstance(Unknown Source)
	at org.testng.internal.ObjectFactoryImpl.newInstance(ObjectFactoryImpl.java:29)
	at org.testng.internal.ClassHelper.createInstance1(ClassHelper.java:377)
	at org.testng.internal.ClassHelper.createInstance(ClassHelper.java:290)
	at org.testng.internal.ClassImpl.getDefaultInstance(ClassImpl.java:125)
	at org.testng.internal.ClassImpl.getInstances(ClassImpl.java:190)
	at org.testng.internal.TestNGClassFinder.<init>(TestNGClassFinder.java:130)
	at org.testng.TestRunner.initMethods(TestRunner.java:424)
	at org.testng.TestRunner.init(TestRunner.java:247)
	at org.testng.TestRunner.init(TestRunner.java:217)
	at org.testng.TestRunner.<init>(TestRunner.java:169)
	at org.testng.remote.support.RemoteTestNG6_9_10$1.newTestRunner(RemoteTestNG6_9_10.java:28)
	at org.testng.remote.support.RemoteTestNG6_9_10$DelegatingTestRunnerFactory.newTestRunner(RemoteTestNG6_9_10.java:61)
	at org.testng.SuiteRunner$ProxyTestRunnerFactory.newTestRunner(SuiteRunner.java:594)
	at org.testng.SuiteRunner.init(SuiteRunner.java:168)
	at org.testng.SuiteRunner.<init>(SuiteRunner.java:117)
	at org.testng.TestNG.createSuiteRunner(TestNG.java:1300)
	at org.testng.TestNG.createSuiteRunners(TestNG.java:1287)
	at org.testng.TestNG.runSuitesLocally(TestNG.java:1141)
	at org.testng.TestNG.runSuites(TestNG.java:1075)
	at org.testng.TestNG.run(TestNG.java:1047)
	at org.testng.remote.AbstractRemoteTestNG.run(AbstractRemoteTestNG.java:126)
	at org.testng.remote.RemoteTestNG.initAndRun(RemoteTestNG.java:137)
	at org.testng.remote.RemoteTestNG.main(RemoteTestNG.java:58)
INFO main com.bayer.digitalfarming.frontend.selenium.utils.config.PropertiesRepository - List of files to load : null
ERROR main com.bayer.digitalfarming.frontend.selenium.utils.test.MyTest - Unable to load properties files
java.lang.NullPointerException
	at java.util.StringTokenizer.<init>(Unknown Source)
	at java.util.StringTokenizer.<init>(Unknown Source)
	at com.bayer.digitalfarming.frontend.selenium.utils.config.PropertiesRepository.loadAllProperties(PropertiesRepository.java:50)
	at com.bayer.digitalfarming.frontend.selenium.utils.test.MyTest.<clinit>(MyTest.java:25)
	at sun.reflect.NativeConstructorAccessorImpl.newInstance0(Native Method)
	at sun.reflect.NativeConstructorAccessorImpl.newInstance(Unknown Source)
	at sun.reflect.DelegatingConstructorAccessorImpl.newInstance(Unknown Source)
	at java.lang.reflect.Constructor.newInstance(Unknown Source)
	at org.testng.internal.ObjectFactoryImpl.newInstance(ObjectFactoryImpl.java:29)
	at org.testng.internal.ClassHelper.createInstance1(ClassHelper.java:363)
	at org.testng.internal.ClassHelper.createInstance(ClassHelper.java:275)
	at org.testng.internal.ClassImpl.getDefaultInstance(ClassImpl.java:126)
	at org.testng.internal.ClassImpl.getInstances(ClassImpl.java:191)
	at org.testng.TestClass.getInstances(TestClass.java:100)
	at org.testng.TestClass.initTestClassesAndInstances(TestClass.java:86)
	at org.testng.TestClass.init(TestClass.java:78)
	at org.testng.TestClass.<init>(TestClass.java:41)
	at org.testng.TestRunner.initMethods(TestRunner.java:425)
	at org.testng.TestRunner.init(TestRunner.java:252)
	at org.testng.TestRunner.init(TestRunner.java:222)
	at org.testng.TestRunner.<init>(TestRunner.java:163)
	at org.testng.SuiteRunner$DefaultTestRunnerFactory.newTestRunner(SuiteRunner.java:585)
	at org.testng.SuiteRunner.init(SuiteRunner.java:189)
	at org.testng.SuiteRunner.<init>(SuiteRunner.java:136)
	at org.testng.TestNG.createSuiteRunner(TestNG.java:1375)
	at org.testng.TestNG.createSuiteRunners(TestNG.java:1355)
	at org.testng.TestNG.runSuitesLocally(TestNG.java:1209)
	at org.testng.TestNG.runSuites(TestNG.java:1133)
	at org.testng.TestNG.run(TestNG.java:1104)
	at org.apache.maven.surefire.testng.TestNGExecutor.run(TestNGExecutor.java:293)
	at org.apache.maven.surefire.testng.TestNGXmlTestSuite.execute(TestNGXmlTestSuite.java:84)
	at org.apache.maven.surefire.testng.TestNGProvider.invoke(TestNGProvider.java:91)
	at org.apache.maven.surefire.booter.ForkedBooter.invokeProviderInSameClassLoader(ForkedBooter.java:200)
	at org.apache.maven.surefire.booter.ForkedBooter.runSuitesInProcess(ForkedBooter.java:153)
	at org.apache.maven.surefire.booter.ForkedBooter.main(ForkedBooter.java:103)
INFO main com.bayer.digitalfarming.frontend.selenium.utils.config.PropertiesRepository - List of files to load : null
ERROR main com.bayer.digitalfarming.frontend.selenium.utils.test.BaseTest - Unable to load properties files
java.lang.NullPointerException
	at java.util.StringTokenizer.<init>(Unknown Source)
	at java.util.StringTokenizer.<init>(Unknown Source)
	at com.bayer.digitalfarming.frontend.selenium.utils.config.PropertiesRepository.loadAllProperties(PropertiesRepository.java:50)
	at com.bayer.digitalfarming.frontend.selenium.utils.test.BaseTest.<clinit>(BaseTest.java:25)
	at sun.reflect.NativeConstructorAccessorImpl.newInstance0(Native Method)
	at sun.reflect.NativeConstructorAccessorImpl.newInstance(Unknown Source)
	at sun.reflect.DelegatingConstructorAccessorImpl.newInstance(Unknown Source)
	at java.lang.reflect.Constructor.newInstance(Unknown Source)
	at org.testng.internal.ObjectFactoryImpl.newInstance(ObjectFactoryImpl.java:29)
	at org.testng.internal.ClassHelper.createInstance1(ClassHelper.java:363)
	at org.testng.internal.ClassHelper.createInstance(ClassHelper.java:275)
	at org.testng.internal.ClassImpl.getDefaultInstance(ClassImpl.java:126)
	at org.testng.internal.ClassImpl.getInstances(ClassImpl.java:191)
	at org.testng.TestClass.getInstances(TestClass.java:100)
	at org.testng.TestClass.initTestClassesAndInstances(TestClass.java:86)
	at org.testng.TestClass.init(TestClass.java:78)
	at org.testng.TestClass.<init>(TestClass.java:41)
	at org.testng.TestRunner.initMethods(TestRunner.java:425)
	at org.testng.TestRunner.init(TestRunner.java:252)
	at org.testng.TestRunner.init(TestRunner.java:222)
	at org.testng.TestRunner.<init>(TestRunner.java:163)
	at org.testng.SuiteRunner$DefaultTestRunnerFactory.newTestRunner(SuiteRunner.java:585)
	at org.testng.SuiteRunner.init(SuiteRunner.java:189)
	at org.testng.SuiteRunner.<init>(SuiteRunner.java:136)
	at org.testng.TestNG.createSuiteRunner(TestNG.java:1375)
	at org.testng.TestNG.createSuiteRunners(TestNG.java:1355)
	at org.testng.TestNG.runSuitesLocally(TestNG.java:1209)
	at org.testng.TestNG.runSuites(TestNG.java:1133)
	at org.testng.TestNG.run(TestNG.java:1104)
	at org.apache.maven.surefire.testng.TestNGExecutor.run(TestNGExecutor.java:293)
	at org.apache.maven.surefire.testng.TestNGXmlTestSuite.execute(TestNGXmlTestSuite.java:84)
	at org.apache.maven.surefire.testng.TestNGProvider.invoke(TestNGProvider.java:91)
	at org.apache.maven.surefire.booter.ForkedBooter.invokeProviderInSameClassLoader(ForkedBooter.java:200)
	at org.apache.maven.surefire.booter.ForkedBooter.runSuitesInProcess(ForkedBooter.java:153)
	at org.apache.maven.surefire.booter.ForkedBooter.main(ForkedBooter.java:103)
INFO main com.bayer.digitalfarming.frontend.selenium.utils.config.PropertiesRepository - List of files to load : null
ERROR main com.bayer.digitalfarming.frontend.selenium.utils.test.BaseTest - Unable to load properties files
java.lang.NullPointerException
	at java.util.StringTokenizer.<init>(StringTokenizer.java:199)
	at java.util.StringTokenizer.<init>(StringTokenizer.java:221)
	at com.bayer.digitalfarming.frontend.selenium.utils.config.PropertiesRepository.loadAllProperties(PropertiesRepository.java:50)
	at com.bayer.digitalfarming.frontend.selenium.utils.test.BaseTest.<clinit>(BaseTest.java:25)
	at sun.reflect.NativeConstructorAccessorImpl.newInstance0(Native Method)
	at sun.reflect.NativeConstructorAccessorImpl.newInstance(NativeConstructorAccessorImpl.java:62)
	at sun.reflect.DelegatingConstructorAccessorImpl.newInstance(DelegatingConstructorAccessorImpl.java:45)
	at java.lang.reflect.Constructor.newInstance(Constructor.java:423)
	at org.testng.internal.ObjectFactoryImpl.newInstance(ObjectFactoryImpl.java:29)
	at org.testng.internal.ClassHelper.createInstance1(ClassHelper.java:363)
	at org.testng.internal.ClassHelper.createInstance(ClassHelper.java:275)
	at org.testng.internal.ClassImpl.getDefaultInstance(ClassImpl.java:126)
	at org.testng.internal.ClassImpl.getInstances(ClassImpl.java:191)
	at org.testng.TestClass.getInstances(TestClass.java:100)
	at org.testng.TestClass.initTestClassesAndInstances(TestClass.java:86)
	at org.testng.TestClass.init(TestClass.java:78)
	at org.testng.TestClass.<init>(TestClass.java:41)
	at org.testng.TestRunner.initMethods(TestRunner.java:425)
	at org.testng.TestRunner.init(TestRunner.java:252)
	at org.testng.TestRunner.init(TestRunner.java:222)
	at org.testng.TestRunner.<init>(TestRunner.java:163)
	at org.testng.SuiteRunner$DefaultTestRunnerFactory.newTestRunner(SuiteRunner.java:585)
	at org.testng.SuiteRunner.init(SuiteRunner.java:189)
	at org.testng.SuiteRunner.<init>(SuiteRunner.java:136)
	at org.testng.TestNG.createSuiteRunner(TestNG.java:1375)
	at org.testng.TestNG.createSuiteRunners(TestNG.java:1355)
	at org.testng.TestNG.runSuitesLocally(TestNG.java:1209)
	at org.testng.TestNG.runSuites(TestNG.java:1133)
	at org.testng.TestNG.run(TestNG.java:1104)
	at org.apache.maven.surefire.testng.TestNGExecutor.run(TestNGExecutor.java:293)
	at org.apache.maven.surefire.testng.TestNGXmlTestSuite.execute(TestNGXmlTestSuite.java:84)
	at org.apache.maven.surefire.testng.TestNGProvider.invoke(TestNGProvider.java:91)
	at org.apache.maven.surefire.booter.ForkedBooter.invokeProviderInSameClassLoader(ForkedBooter.java:200)
	at org.apache.maven.surefire.booter.ForkedBooter.runSuitesInProcess(ForkedBooter.java:153)
	at org.apache.maven.surefire.booter.ForkedBooter.main(ForkedBooter.java:103)
INFO main com.bayer.digitalfarming.frontend.selenium.utils.config.PropertiesRepository - List of files to load : null
ERROR main com.bayer.digitalfarming.frontend.selenium.utils.test.BaseTest - Unable to load properties files
java.lang.NullPointerException
	at java.util.StringTokenizer.<init>(StringTokenizer.java:199)
	at java.util.StringTokenizer.<init>(StringTokenizer.java:221)
	at com.bayer.digitalfarming.frontend.selenium.utils.config.PropertiesRepository.loadAllProperties(PropertiesRepository.java:50)
	at com.bayer.digitalfarming.frontend.selenium.utils.test.BaseTest.<clinit>(BaseTest.java:25)
	at sun.reflect.NativeConstructorAccessorImpl.newInstance0(Native Method)
	at sun.reflect.NativeConstructorAccessorImpl.newInstance(NativeConstructorAccessorImpl.java:62)
	at sun.reflect.DelegatingConstructorAccessorImpl.newInstance(DelegatingConstructorAccessorImpl.java:45)
	at java.lang.reflect.Constructor.newInstance(Constructor.java:423)
	at org.testng.internal.ObjectFactoryImpl.newInstance(ObjectFactoryImpl.java:29)
	at org.testng.internal.ClassHelper.createInstance1(ClassHelper.java:363)
	at org.testng.internal.ClassHelper.createInstance(ClassHelper.java:275)
	at org.testng.internal.ClassImpl.getDefaultInstance(ClassImpl.java:126)
	at org.testng.internal.ClassImpl.getInstances(ClassImpl.java:191)
	at org.testng.TestClass.getInstances(TestClass.java:100)
	at org.testng.TestClass.initTestClassesAndInstances(TestClass.java:86)
	at org.testng.TestClass.init(TestClass.java:78)
	at org.testng.TestClass.<init>(TestClass.java:41)
	at org.testng.TestRunner.initMethods(TestRunner.java:425)
	at org.testng.TestRunner.init(TestRunner.java:252)
	at org.testng.TestRunner.init(TestRunner.java:222)
	at org.testng.TestRunner.<init>(TestRunner.java:163)
	at org.testng.SuiteRunner$DefaultTestRunnerFactory.newTestRunner(SuiteRunner.java:585)
	at org.testng.SuiteRunner.init(SuiteRunner.java:189)
	at org.testng.SuiteRunner.<init>(SuiteRunner.java:136)
	at org.testng.TestNG.createSuiteRunner(TestNG.java:1375)
	at org.testng.TestNG.createSuiteRunners(TestNG.java:1355)
	at org.testng.TestNG.runSuitesLocally(TestNG.java:1209)
	at org.testng.TestNG.runSuites(TestNG.java:1133)
	at org.testng.TestNG.run(TestNG.java:1104)
	at org.apache.maven.surefire.testng.TestNGExecutor.run(TestNGExecutor.java:293)
	at org.apache.maven.surefire.testng.TestNGXmlTestSuite.execute(TestNGXmlTestSuite.java:84)
	at org.apache.maven.surefire.testng.TestNGProvider.invoke(TestNGProvider.java:91)
	at org.apache.maven.surefire.booter.ForkedBooter.invokeProviderInSameClassLoader(ForkedBooter.java:200)
	at org.apache.maven.surefire.booter.ForkedBooter.runSuitesInProcess(ForkedBooter.java:153)
	at org.apache.maven.surefire.booter.ForkedBooter.main(ForkedBooter.java:103)
INFO main com.bayer.digitalfarming.frontend.selenium.utils.config.PropertiesRepository - List of files to load : null
ERROR main com.bayer.digitalfarming.frontend.selenium.utils.test.BaseTest - Unable to load properties files
java.lang.NullPointerException
	at java.util.StringTokenizer.<init>(StringTokenizer.java:199)
	at java.util.StringTokenizer.<init>(StringTokenizer.java:221)
	at com.bayer.digitalfarming.frontend.selenium.utils.config.PropertiesRepository.loadAllProperties(PropertiesRepository.java:50)
	at com.bayer.digitalfarming.frontend.selenium.utils.test.BaseTest.<clinit>(BaseTest.java:25)
	at sun.reflect.NativeConstructorAccessorImpl.newInstance0(Native Method)
	at sun.reflect.NativeConstructorAccessorImpl.newInstance(NativeConstructorAccessorImpl.java:62)
	at sun.reflect.DelegatingConstructorAccessorImpl.newInstance(DelegatingConstructorAccessorImpl.java:45)
	at java.lang.reflect.Constructor.newInstance(Constructor.java:423)
	at org.testng.internal.ObjectFactoryImpl.newInstance(ObjectFactoryImpl.java:29)
	at org.testng.internal.ClassHelper.createInstance1(ClassHelper.java:377)
	at org.testng.internal.ClassHelper.createInstance(ClassHelper.java:290)
	at org.testng.internal.ClassImpl.getDefaultInstance(ClassImpl.java:125)
	at org.testng.internal.ClassImpl.getInstances(ClassImpl.java:190)
	at org.testng.internal.TestNGClassFinder.<init>(TestNGClassFinder.java:130)
	at org.testng.TestRunner.initMethods(TestRunner.java:424)
	at org.testng.TestRunner.init(TestRunner.java:247)
	at org.testng.TestRunner.init(TestRunner.java:217)
	at org.testng.TestRunner.<init>(TestRunner.java:169)
	at org.testng.remote.support.RemoteTestNG6_9_10$1.newTestRunner(RemoteTestNG6_9_10.java:28)
	at org.testng.remote.support.RemoteTestNG6_9_10$DelegatingTestRunnerFactory.newTestRunner(RemoteTestNG6_9_10.java:61)
	at org.testng.SuiteRunner$ProxyTestRunnerFactory.newTestRunner(SuiteRunner.java:594)
	at org.testng.SuiteRunner.init(SuiteRunner.java:168)
	at org.testng.SuiteRunner.<init>(SuiteRunner.java:117)
	at org.testng.TestNG.createSuiteRunner(TestNG.java:1300)
	at org.testng.TestNG.createSuiteRunners(TestNG.java:1287)
	at org.testng.TestNG.runSuitesLocally(TestNG.java:1141)
	at org.testng.TestNG.runSuites(TestNG.java:1075)
	at org.testng.TestNG.run(TestNG.java:1047)
	at org.testng.remote.AbstractRemoteTestNG.run(AbstractRemoteTestNG.java:126)
	at org.testng.remote.RemoteTestNG.initAndRun(RemoteTestNG.java:137)
	at org.testng.remote.RemoteTestNG.main(RemoteTestNG.java:58)
ERROR main com.bayer.digitalfarming.frontend.selenium.utils.test.BaseTest - Unable to load properties files
java.lang.NullPointerException
	at com.bayer.digitalfarming.frontend.selenium.utils.config.PropertiesRepository.loadAllProperties(PropertiesRepository.java:44)
	at com.bayer.digitalfarming.frontend.selenium.utils.test.BaseTest.<clinit>(BaseTest.java:25)
	at sun.reflect.NativeConstructorAccessorImpl.newInstance0(Native Method)
	at sun.reflect.NativeConstructorAccessorImpl.newInstance(NativeConstructorAccessorImpl.java:62)
	at sun.reflect.DelegatingConstructorAccessorImpl.newInstance(DelegatingConstructorAccessorImpl.java:45)
	at java.lang.reflect.Constructor.newInstance(Constructor.java:423)
	at org.testng.internal.ObjectFactoryImpl.newInstance(ObjectFactoryImpl.java:29)
	at org.testng.internal.ClassHelper.createInstance1(ClassHelper.java:363)
	at org.testng.internal.ClassHelper.createInstance(ClassHelper.java:275)
	at org.testng.internal.ClassImpl.getDefaultInstance(ClassImpl.java:126)
	at org.testng.internal.ClassImpl.getInstances(ClassImpl.java:191)
	at org.testng.TestClass.getInstances(TestClass.java:100)
	at org.testng.TestClass.initTestClassesAndInstances(TestClass.java:86)
	at org.testng.TestClass.init(TestClass.java:78)
	at org.testng.TestClass.<init>(TestClass.java:41)
	at org.testng.TestRunner.initMethods(TestRunner.java:425)
	at org.testng.TestRunner.init(TestRunner.java:252)
	at org.testng.TestRunner.init(TestRunner.java:222)
	at org.testng.TestRunner.<init>(TestRunner.java:163)
	at org.testng.SuiteRunner$DefaultTestRunnerFactory.newTestRunner(SuiteRunner.java:585)
	at org.testng.SuiteRunner.init(SuiteRunner.java:189)
	at org.testng.SuiteRunner.<init>(SuiteRunner.java:136)
	at org.testng.TestNG.createSuiteRunner(TestNG.java:1375)
	at org.testng.TestNG.createSuiteRunners(TestNG.java:1355)
	at org.testng.TestNG.runSuitesLocally(TestNG.java:1209)
	at org.testng.TestNG.runSuites(TestNG.java:1133)
	at org.testng.TestNG.run(TestNG.java:1104)
	at org.apache.maven.surefire.testng.TestNGExecutor.run(TestNGExecutor.java:293)
	at org.apache.maven.surefire.testng.TestNGXmlTestSuite.execute(TestNGXmlTestSuite.java:84)
	at org.apache.maven.surefire.testng.TestNGProvider.invoke(TestNGProvider.java:91)
	at org.apache.maven.surefire.booter.ForkedBooter.invokeProviderInSameClassLoader(ForkedBooter.java:200)
	at org.apache.maven.surefire.booter.ForkedBooter.runSuitesInProcess(ForkedBooter.java:153)
	at org.apache.maven.surefire.booter.ForkedBooter.main(ForkedBooter.java:103)
INFO main com.bayer.digitalfarming.frontend.selenium.utils.config.PropertiesRepository - List of files to load : null
ERROR main com.bayer.digitalfarming.frontend.selenium.utils.test.BaseTest - Unable to load properties files
java.lang.NullPointerException
	at java.util.StringTokenizer.<init>(StringTokenizer.java:199)
	at java.util.StringTokenizer.<init>(StringTokenizer.java:221)
	at com.bayer.digitalfarming.frontend.selenium.utils.config.PropertiesRepository.loadAllProperties(PropertiesRepository.java:50)
	at com.bayer.digitalfarming.frontend.selenium.utils.test.BaseTest.<clinit>(BaseTest.java:25)
	at sun.reflect.NativeConstructorAccessorImpl.newInstance0(Native Method)
	at sun.reflect.NativeConstructorAccessorImpl.newInstance(NativeConstructorAccessorImpl.java:62)
	at sun.reflect.DelegatingConstructorAccessorImpl.newInstance(DelegatingConstructorAccessorImpl.java:45)
	at java.lang.reflect.Constructor.newInstance(Constructor.java:423)
	at org.testng.internal.ObjectFactoryImpl.newInstance(ObjectFactoryImpl.java:29)
	at org.testng.internal.ClassHelper.createInstance1(ClassHelper.java:363)
	at org.testng.internal.ClassHelper.createInstance(ClassHelper.java:275)
	at org.testng.internal.ClassImpl.getDefaultInstance(ClassImpl.java:126)
	at org.testng.internal.ClassImpl.getInstances(ClassImpl.java:191)
	at org.testng.TestClass.getInstances(TestClass.java:100)
	at org.testng.TestClass.initTestClassesAndInstances(TestClass.java:86)
	at org.testng.TestClass.init(TestClass.java:78)
	at org.testng.TestClass.<init>(TestClass.java:41)
	at org.testng.TestRunner.initMethods(TestRunner.java:425)
	at org.testng.TestRunner.init(TestRunner.java:252)
	at org.testng.TestRunner.init(TestRunner.java:222)
	at org.testng.TestRunner.<init>(TestRunner.java:163)
	at org.testng.SuiteRunner$DefaultTestRunnerFactory.newTestRunner(SuiteRunner.java:585)
	at org.testng.SuiteRunner.init(SuiteRunner.java:189)
	at org.testng.SuiteRunner.<init>(SuiteRunner.java:136)
	at org.testng.TestNG.createSuiteRunner(TestNG.java:1375)
	at org.testng.TestNG.createSuiteRunners(TestNG.java:1355)
	at org.testng.TestNG.runSuitesLocally(TestNG.java:1209)
	at org.testng.TestNG.runSuites(TestNG.java:1133)
	at org.testng.TestNG.run(TestNG.java:1104)
	at org.apache.maven.surefire.testng.TestNGExecutor.run(TestNGExecutor.java:293)
	at org.apache.maven.surefire.testng.TestNGXmlTestSuite.execute(TestNGXmlTestSuite.java:84)
	at org.apache.maven.surefire.testng.TestNGProvider.invoke(TestNGProvider.java:91)
	at org.apache.maven.surefire.booter.ForkedBooter.invokeProviderInSameClassLoader(ForkedBooter.java:200)
	at org.apache.maven.surefire.booter.ForkedBooter.runSuitesInProcess(ForkedBooter.java:153)
	at org.apache.maven.surefire.booter.ForkedBooter.main(ForkedBooter.java:103)
INFO main com.bayer.digitalfarming.frontend.selenium.utils.config.PropertiesRepository - List of files to load : global.properties,mainpage.properties,two.properties
INFO main com.bayer.digitalfarming.frontend.selenium.utils.config.PropertiesRepository - Loading property file : global.properties
INFO main com.bayer.digitalfarming.frontend.selenium.utils.config.PropertiesRepository - Loading property file : mainpage.properties
INFO main com.bayer.digitalfarming.frontend.selenium.utils.config.PropertiesRepository - Loading property file : two.properties
ERROR main com.bayer.digitalfarming.frontend.selenium.utils.test.BaseTest - Unable to load properties files
java.lang.Exception: Unable to load properties
	at com.bayer.digitalfarming.frontend.selenium.utils.config.PropertiesRepository.appendProperties(PropertiesRepository.java:32)
	at com.bayer.digitalfarming.frontend.selenium.utils.config.PropertiesRepository.loadAllProperties(PropertiesRepository.java:53)
	at com.bayer.digitalfarming.frontend.selenium.utils.test.BaseTest.<clinit>(BaseTest.java:25)
	at sun.reflect.NativeConstructorAccessorImpl.newInstance0(Native Method)
	at sun.reflect.NativeConstructorAccessorImpl.newInstance(NativeConstructorAccessorImpl.java:62)
	at sun.reflect.DelegatingConstructorAccessorImpl.newInstance(DelegatingConstructorAccessorImpl.java:45)
	at java.lang.reflect.Constructor.newInstance(Constructor.java:423)
	at org.testng.internal.ObjectFactoryImpl.newInstance(ObjectFactoryImpl.java:29)
	at org.testng.internal.ClassHelper.createInstance1(ClassHelper.java:377)
	at org.testng.internal.ClassHelper.createInstance(ClassHelper.java:290)
	at org.testng.internal.ClassImpl.getDefaultInstance(ClassImpl.java:125)
	at org.testng.internal.ClassImpl.getInstances(ClassImpl.java:190)
	at org.testng.internal.TestNGClassFinder.<init>(TestNGClassFinder.java:130)
	at org.testng.TestRunner.initMethods(TestRunner.java:424)
	at org.testng.TestRunner.init(TestRunner.java:247)
	at org.testng.TestRunner.init(TestRunner.java:217)
	at org.testng.TestRunner.<init>(TestRunner.java:169)
	at org.testng.remote.support.RemoteTestNG6_9_10$1.newTestRunner(RemoteTestNG6_9_10.java:28)
	at org.testng.remote.support.RemoteTestNG6_9_10$DelegatingTestRunnerFactory.newTestRunner(RemoteTestNG6_9_10.java:61)
	at org.testng.SuiteRunner$ProxyTestRunnerFactory.newTestRunner(SuiteRunner.java:594)
	at org.testng.SuiteRunner.init(SuiteRunner.java:168)
	at org.testng.SuiteRunner.<init>(SuiteRunner.java:117)
	at org.testng.TestNG.createSuiteRunner(TestNG.java:1300)
	at org.testng.TestNG.createSuiteRunners(TestNG.java:1287)
	at org.testng.TestNG.runSuitesLocally(TestNG.java:1141)
	at org.testng.TestNG.runSuites(TestNG.java:1075)
	at org.testng.TestNG.run(TestNG.java:1047)
	at org.testng.remote.AbstractRemoteTestNG.run(AbstractRemoteTestNG.java:126)
	at org.testng.remote.RemoteTestNG.initAndRun(RemoteTestNG.java:137)
	at org.testng.remote.RemoteTestNG.main(RemoteTestNG.java:58)
Caused by: org.apache.commons.configuration.ConfigurationException: Cannot locate configuration source two.properties
	at org.apache.commons.configuration.AbstractFileConfiguration.load(AbstractFileConfiguration.java:259)
	at org.apache.commons.configuration.AbstractFileConfiguration.load(AbstractFileConfiguration.java:238)
	at org.apache.commons.configuration.AbstractFileConfiguration.<init>(AbstractFileConfiguration.java:158)
	at org.apache.commons.configuration.PropertiesConfiguration.<init>(PropertiesConfiguration.java:252)
	at com.bayer.digitalfarming.frontend.selenium.utils.config.PropertiesRepository.appendProperties(PropertiesRepository.java:29)
	... 29 more
INFO main com.bayer.digitalfarming.frontend.selenium.utils.driverfactory.DriverFactory - Desired Capabilities : Capabilities {acceptInsecureCerts: true, browserConnectionEnabled: true, browserName: chrome, cssSelectorsEnabled: true, firefox_profile: org.openqa.selenium.firefox..., handlesAlerts: true, javascriptEnabled: true, networkConnectionEnabled: true, takesScreenshot: true, version: }
INFO main com.bayer.digitalfarming.frontend.selenium.utils.config.PropertiesRepository - List of files to load : global.properties,mainpage.properties,two.properties
INFO main com.bayer.digitalfarming.frontend.selenium.utils.config.PropertiesRepository - Loading property file : global.properties
INFO main com.bayer.digitalfarming.frontend.selenium.utils.config.PropertiesRepository - Loading property file : mainpage.properties
INFO main com.bayer.digitalfarming.frontend.selenium.utils.config.PropertiesRepository - Loading property file : two.properties
ERROR main com.bayer.digitalfarming.frontend.selenium.utils.test.BaseTest - Unable to load properties files
java.lang.Exception: Unable to load properties
	at com.bayer.digitalfarming.frontend.selenium.utils.config.PropertiesRepository.appendProperties(PropertiesRepository.java:32)
	at com.bayer.digitalfarming.frontend.selenium.utils.config.PropertiesRepository.loadAllProperties(PropertiesRepository.java:53)
	at com.bayer.digitalfarming.frontend.selenium.utils.test.BaseTest.<clinit>(BaseTest.java:25)
	at sun.reflect.NativeConstructorAccessorImpl.newInstance0(Native Method)
	at sun.reflect.NativeConstructorAccessorImpl.newInstance(NativeConstructorAccessorImpl.java:62)
	at sun.reflect.DelegatingConstructorAccessorImpl.newInstance(DelegatingConstructorAccessorImpl.java:45)
	at java.lang.reflect.Constructor.newInstance(Constructor.java:423)
	at org.testng.internal.ObjectFactoryImpl.newInstance(ObjectFactoryImpl.java:23)
	at org.testng.internal.ClassHelper.createInstance1(ClassHelper.java:410)
	at org.testng.internal.ClassHelper.createInstance(ClassHelper.java:323)
	at org.testng.internal.ClassImpl.getDefaultInstance(ClassImpl.java:126)
	at org.testng.internal.ClassImpl.getInstances(ClassImpl.java:191)
	at org.testng.TestClass.getInstances(TestClass.java:99)
	at org.testng.TestClass.initTestClassesAndInstances(TestClass.java:85)
	at org.testng.TestClass.init(TestClass.java:77)
	at org.testng.TestClass.<init>(TestClass.java:42)
	at org.testng.TestRunner.initMethods(TestRunner.java:423)
	at org.testng.TestRunner.init(TestRunner.java:250)
	at org.testng.TestRunner.init(TestRunner.java:220)
	at org.testng.TestRunner.<init>(TestRunner.java:169)
	at org.testng.remote.support.RemoteTestNG6_10$1.newTestRunner(RemoteTestNG6_10.java:28)
	at org.testng.remote.support.RemoteTestNG6_10$DelegatingTestRunnerFactory.newTestRunner(RemoteTestNG6_10.java:61)
	at org.testng.SuiteRunner$ProxyTestRunnerFactory.newTestRunner(SuiteRunner.java:616)
	at org.testng.SuiteRunner.init(SuiteRunner.java:185)
	at org.testng.SuiteRunner.<init>(SuiteRunner.java:131)
	at org.testng.TestNG.createSuiteRunner(TestNG.java:1383)
	at org.testng.TestNG.createSuiteRunners(TestNG.java:1363)
	at org.testng.TestNG.runSuitesLocally(TestNG.java:1217)
	at org.testng.TestNG.runSuites(TestNG.java:1144)
	at org.testng.TestNG.run(TestNG.java:1115)
	at org.testng.remote.AbstractRemoteTestNG.run(AbstractRemoteTestNG.java:132)
	at org.testng.remote.RemoteTestNG.initAndRun(RemoteTestNG.java:230)
	at org.testng.remote.RemoteTestNG.main(RemoteTestNG.java:76)
Caused by: org.apache.commons.configuration.ConfigurationException: Cannot locate configuration source two.properties
	at org.apache.commons.configuration.AbstractFileConfiguration.load(AbstractFileConfiguration.java:259)
	at org.apache.commons.configuration.AbstractFileConfiguration.load(AbstractFileConfiguration.java:238)
	at org.apache.commons.configuration.AbstractFileConfiguration.<init>(AbstractFileConfiguration.java:158)
	at org.apache.commons.configuration.PropertiesConfiguration.<init>(PropertiesConfiguration.java:252)
	at com.bayer.digitalfarming.frontend.selenium.utils.config.PropertiesRepository.appendProperties(PropertiesRepository.java:29)
	... 32 more
INFO main com.bayer.digitalfarming.frontend.selenium.utils.config.PropertiesRepository - List of files to load : global.properties,mainpage.properties,two.properties
INFO main com.bayer.digitalfarming.frontend.selenium.utils.config.PropertiesRepository - Loading property file : global.properties
INFO main com.bayer.digitalfarming.frontend.selenium.utils.config.PropertiesRepository - Loading property file : mainpage.properties
INFO main com.bayer.digitalfarming.frontend.selenium.utils.config.PropertiesRepository - Loading property file : two.properties
ERROR main com.bayer.digitalfarming.frontend.selenium.utils.test.BaseTest - Unable to load properties files
java.lang.Exception: Unable to load properties
	at com.bayer.digitalfarming.frontend.selenium.utils.config.PropertiesRepository.appendProperties(PropertiesRepository.java:32)
	at com.bayer.digitalfarming.frontend.selenium.utils.config.PropertiesRepository.loadAllProperties(PropertiesRepository.java:53)
	at com.bayer.digitalfarming.frontend.selenium.utils.test.BaseTest.<clinit>(BaseTest.java:25)
	at sun.reflect.NativeConstructorAccessorImpl.newInstance0(Native Method)
	at sun.reflect.NativeConstructorAccessorImpl.newInstance(NativeConstructorAccessorImpl.java:62)
	at sun.reflect.DelegatingConstructorAccessorImpl.newInstance(DelegatingConstructorAccessorImpl.java:45)
	at java.lang.reflect.Constructor.newInstance(Constructor.java:423)
	at org.testng.internal.ObjectFactoryImpl.newInstance(ObjectFactoryImpl.java:23)
	at org.testng.internal.ClassHelper.createInstance1(ClassHelper.java:410)
	at org.testng.internal.ClassHelper.createInstance(ClassHelper.java:323)
	at org.testng.internal.ClassImpl.getDefaultInstance(ClassImpl.java:126)
	at org.testng.internal.ClassImpl.getInstances(ClassImpl.java:191)
	at org.testng.TestClass.getInstances(TestClass.java:99)
	at org.testng.TestClass.initTestClassesAndInstances(TestClass.java:85)
	at org.testng.TestClass.init(TestClass.java:77)
	at org.testng.TestClass.<init>(TestClass.java:42)
	at org.testng.TestRunner.initMethods(TestRunner.java:423)
	at org.testng.TestRunner.init(TestRunner.java:250)
	at org.testng.TestRunner.init(TestRunner.java:220)
	at org.testng.TestRunner.<init>(TestRunner.java:169)
	at org.testng.remote.support.RemoteTestNG6_10$1.newTestRunner(RemoteTestNG6_10.java:28)
	at org.testng.remote.support.RemoteTestNG6_10$DelegatingTestRunnerFactory.newTestRunner(RemoteTestNG6_10.java:61)
	at org.testng.SuiteRunner$ProxyTestRunnerFactory.newTestRunner(SuiteRunner.java:616)
	at org.testng.SuiteRunner.init(SuiteRunner.java:185)
	at org.testng.SuiteRunner.<init>(SuiteRunner.java:131)
	at org.testng.TestNG.createSuiteRunner(TestNG.java:1383)
	at org.testng.TestNG.createSuiteRunners(TestNG.java:1363)
	at org.testng.TestNG.runSuitesLocally(TestNG.java:1217)
	at org.testng.TestNG.runSuites(TestNG.java:1144)
	at org.testng.TestNG.run(TestNG.java:1115)
	at org.testng.remote.AbstractRemoteTestNG.run(AbstractRemoteTestNG.java:132)
	at org.testng.remote.RemoteTestNG.initAndRun(RemoteTestNG.java:230)
	at org.testng.remote.RemoteTestNG.main(RemoteTestNG.java:76)
Caused by: org.apache.commons.configuration.ConfigurationException: Cannot locate configuration source two.properties
	at org.apache.commons.configuration.AbstractFileConfiguration.load(AbstractFileConfiguration.java:259)
	at org.apache.commons.configuration.AbstractFileConfiguration.load(AbstractFileConfiguration.java:238)
	at org.apache.commons.configuration.AbstractFileConfiguration.<init>(AbstractFileConfiguration.java:158)
	at org.apache.commons.configuration.PropertiesConfiguration.<init>(PropertiesConfiguration.java:252)
	at com.bayer.digitalfarming.frontend.selenium.utils.config.PropertiesRepository.appendProperties(PropertiesRepository.java:29)
	... 32 more
INFO main com.bayer.digitalfarming.frontend.selenium.utils.config.PropertiesRepository - List of files to load : global.properties,mainpage.properties,two.properties
INFO main com.bayer.digitalfarming.frontend.selenium.utils.config.PropertiesRepository - Loading property file : global.properties
INFO main com.bayer.digitalfarming.frontend.selenium.utils.config.PropertiesRepository - Loading property file : mainpage.properties
INFO main com.bayer.digitalfarming.frontend.selenium.utils.config.PropertiesRepository - Loading property file : two.properties
ERROR main com.bayer.digitalfarming.frontend.selenium.utils.test.BaseTest - Unable to load properties files
java.lang.Exception: Unable to load properties
	at com.bayer.digitalfarming.frontend.selenium.utils.config.PropertiesRepository.appendProperties(PropertiesRepository.java:32)
	at com.bayer.digitalfarming.frontend.selenium.utils.config.PropertiesRepository.loadAllProperties(PropertiesRepository.java:53)
	at com.bayer.digitalfarming.frontend.selenium.utils.test.BaseTest.<clinit>(BaseTest.java:25)
	at sun.reflect.NativeConstructorAccessorImpl.newInstance0(Native Method)
	at sun.reflect.NativeConstructorAccessorImpl.newInstance(NativeConstructorAccessorImpl.java:62)
	at sun.reflect.DelegatingConstructorAccessorImpl.newInstance(DelegatingConstructorAccessorImpl.java:45)
	at java.lang.reflect.Constructor.newInstance(Constructor.java:423)
	at org.testng.internal.ObjectFactoryImpl.newInstance(ObjectFactoryImpl.java:23)
	at org.testng.internal.ClassHelper.createInstance1(ClassHelper.java:410)
	at org.testng.internal.ClassHelper.createInstance(ClassHelper.java:323)
	at org.testng.internal.ClassImpl.getDefaultInstance(ClassImpl.java:126)
	at org.testng.internal.ClassImpl.getInstances(ClassImpl.java:191)
	at org.testng.TestClass.getInstances(TestClass.java:99)
	at org.testng.TestClass.initTestClassesAndInstances(TestClass.java:85)
	at org.testng.TestClass.init(TestClass.java:77)
	at org.testng.TestClass.<init>(TestClass.java:42)
	at org.testng.TestRunner.initMethods(TestRunner.java:423)
	at org.testng.TestRunner.init(TestRunner.java:250)
	at org.testng.TestRunner.init(TestRunner.java:220)
	at org.testng.TestRunner.<init>(TestRunner.java:161)
	at org.testng.SuiteRunner$DefaultTestRunnerFactory.newTestRunner(SuiteRunner.java:578)
	at org.testng.SuiteRunner.init(SuiteRunner.java:185)
	at org.testng.SuiteRunner.<init>(SuiteRunner.java:131)
	at org.testng.TestNG.createSuiteRunner(TestNG.java:1383)
	at org.testng.TestNG.createSuiteRunners(TestNG.java:1363)
	at org.testng.TestNG.runSuitesLocally(TestNG.java:1217)
	at org.testng.TestNG.runSuites(TestNG.java:1144)
	at org.testng.TestNG.run(TestNG.java:1115)
	at org.apache.maven.surefire.testng.TestNGExecutor.run(TestNGExecutor.java:293)
	at org.apache.maven.surefire.testng.TestNGXmlTestSuite.execute(TestNGXmlTestSuite.java:84)
	at org.apache.maven.surefire.testng.TestNGProvider.invoke(TestNGProvider.java:91)
	at org.apache.maven.surefire.booter.ForkedBooter.invokeProviderInSameClassLoader(ForkedBooter.java:200)
	at org.apache.maven.surefire.booter.ForkedBooter.runSuitesInProcess(ForkedBooter.java:153)
	at org.apache.maven.surefire.booter.ForkedBooter.main(ForkedBooter.java:103)
Caused by: org.apache.commons.configuration.ConfigurationException: Cannot locate configuration source two.properties
	at org.apache.commons.configuration.AbstractFileConfiguration.load(AbstractFileConfiguration.java:259)
	at org.apache.commons.configuration.AbstractFileConfiguration.load(AbstractFileConfiguration.java:238)
	at org.apache.commons.configuration.AbstractFileConfiguration.<init>(AbstractFileConfiguration.java:158)
	at org.apache.commons.configuration.PropertiesConfiguration.<init>(PropertiesConfiguration.java:252)
	at com.bayer.digitalfarming.frontend.selenium.utils.config.PropertiesRepository.appendProperties(PropertiesRepository.java:29)
	... 33 more
INFO main com.bayer.digitalfarming.frontend.selenium.utils.config.PropertiesRepository - List of files to load : global.properties,mainpage.properties,log4j.properties
INFO main com.bayer.digitalfarming.frontend.selenium.utils.config.PropertiesRepository - Loading property file : global.properties
INFO main com.bayer.digitalfarming.frontend.selenium.utils.config.PropertiesRepository - Loading property file : mainpage.properties
INFO main com.bayer.digitalfarming.frontend.selenium.utils.config.PropertiesRepository - Loading property file : log4j.properties
INFO main com.bayer.digitalfarming.frontend.selenium.utils.config.PropertiesRepository - Loading property file : global.properties
INFO main com.bayer.digitalfarming.frontend.selenium.utils.config.PropertiesRepository - Loading property file : log4j.properties
INFO main com.bayer.digitalfarming.frontend.selenium.utils.config.PropertiesRepository - List of files to load : global.properties,mainpage.properties,log4j.properties
INFO main com.bayer.digitalfarming.frontend.selenium.utils.config.PropertiesRepository - Loading property file : global.properties
INFO main com.bayer.digitalfarming.frontend.selenium.utils.config.PropertiesRepository - Loading property file : mainpage.properties
INFO main com.bayer.digitalfarming.frontend.selenium.utils.config.PropertiesRepository - Loading property file : log4j.properties
INFO main com.bayer.digitalfarming.frontend.selenium.utils.config.PropertiesRepository - Loading property file : global.properties
INFO main com.bayer.digitalfarming.frontend.selenium.utils.config.PropertiesRepository - Loading property file : log4j.properties
INFO main com.bayer.digitalfarming.frontend.selenium.utils.config.PropertiesRepository - List of files to load : global.properties,mainpage.properties,log4j.properties
INFO main com.bayer.digitalfarming.frontend.selenium.utils.config.PropertiesRepository - Loading property file : global.properties
INFO main com.bayer.digitalfarming.frontend.selenium.utils.config.PropertiesRepository - Loading property file : mainpage.properties
INFO main com.bayer.digitalfarming.frontend.selenium.utils.config.PropertiesRepository - Loading property file : log4j.properties
INFO main com.bayer.digitalfarming.frontend.selenium.utils.config.PropertiesRepository - Loading property file : global.properties
INFO main com.bayer.digitalfarming.frontend.selenium.utils.config.PropertiesRepository - Loading property file : log4j.properties
INFO main com.bayer.digitalfarming.frontend.selenium.utils.config.PropertiesRepository - List of files to load : global.properties,mainpage.properties,log4j.properties
INFO main com.bayer.digitalfarming.frontend.selenium.utils.config.PropertiesRepository - Loading property file : global.properties
INFO main com.bayer.digitalfarming.frontend.selenium.utils.config.PropertiesRepository - Loading property file : mainpage.properties
INFO main com.bayer.digitalfarming.frontend.selenium.utils.config.PropertiesRepository - Loading property file : log4j.properties
INFO main com.bayer.digitalfarming.frontend.selenium.utils.config.PropertiesRepository - Loading property file : global.properties
INFO main com.bayer.digitalfarming.frontend.selenium.utils.config.PropertiesRepository - Loading property file : log4j.properties
INFO main com.bayer.digitalfarming.frontend.selenium.utils.config.PropertiesRepository - List of files to load : global.properties,mainpage.properties,log4j.properties
INFO main com.bayer.digitalfarming.frontend.selenium.utils.config.PropertiesRepository - Loading property file : global.properties
INFO main com.bayer.digitalfarming.frontend.selenium.utils.config.PropertiesRepository - Loading property file : mainpage.properties
INFO main com.bayer.digitalfarming.frontend.selenium.utils.config.PropertiesRepository - Loading property file : log4j.properties
INFO main com.bayer.digitalfarming.frontend.selenium.utils.config.PropertiesRepository - Loading property file : global.properties
INFO main com.bayer.digitalfarming.frontend.selenium.utils.config.PropertiesRepository - Loading property file : log4j.properties
INFO main com.bayer.digitalfarming.frontend.selenium.utils.config.PropertiesRepository - List of files to load : global.properties,mainpage.properties
INFO main com.bayer.digitalfarming.frontend.selenium.utils.config.PropertiesRepository - Loading property file : global.properties
INFO main com.bayer.digitalfarming.frontend.selenium.utils.config.PropertiesRepository - Loading property file : mainpage.properties
INFO main com.bayer.digitalfarming.frontend.selenium.utils.config.PropertiesRepository - Loading property file : global.properties
INFO main com.bayer.digitalfarming.frontend.selenium.utils.config.PropertiesRepository - Loading property file : log4j.properties
INFO main com.bayer.digitalfarming.frontend.selenium.utils.config.PropertiesRepository - List of files to load : global.properties,mainpage.properties
INFO main com.bayer.digitalfarming.frontend.selenium.utils.config.PropertiesRepository - Loading property file : global.properties
INFO main com.bayer.digitalfarming.frontend.selenium.utils.config.PropertiesRepository - Loading property file : mainpage.properties
INFO main com.bayer.digitalfarming.frontend.selenium.utils.config.PropertiesRepository - Loading property file : global.properties
INFO main com.bayer.digitalfarming.frontend.selenium.utils.config.PropertiesRepository - Loading property file : log4j.properties
INFO main com.bayer.digitalfarming.frontend.selenium.utils.driverfactory.DriverFactory - Desired Capabilities : Capabilities {acceptInsecureCerts: true, browserConnectionEnabled: true, browserName: chrome, cssSelectorsEnabled: true, firefox_profile: org.openqa.selenium.firefox..., handlesAlerts: true, javascriptEnabled: true, networkConnectionEnabled: true, takesScreenshot: true, version: }
INFO main com.bayer.digitalfarming.frontend.selenium.utils.config.PropertiesRepository - List of files to load : global.properties,mainpage.properties
INFO main com.bayer.digitalfarming.frontend.selenium.utils.config.PropertiesRepository - Loading property file : global.properties
INFO main com.bayer.digitalfarming.frontend.selenium.utils.config.PropertiesRepository - Loading property file : mainpage.properties
INFO main com.bayer.digitalfarming.frontend.selenium.utils.config.PropertiesRepository - Loading property file : global.properties
INFO main com.bayer.digitalfarming.frontend.selenium.utils.config.PropertiesRepository - Loading property file : log4j.properties
INFO main com.bayer.digitalfarming.frontend.selenium.utils.driverfactory.DriverFactory - Desired Capabilities : Capabilities {acceptInsecureCerts: true, browserConnectionEnabled: true, browserName: chrome, cssSelectorsEnabled: true, firefox_profile: org.openqa.selenium.firefox..., handlesAlerts: true, javascriptEnabled: true, networkConnectionEnabled: true, takesScreenshot: true, version: }
INFO main com.bayer.digitalfarming.frontend.selenium.utils.config.PropertiesRepository - List of files to load : global.properties,mainpage.properties
INFO main com.bayer.digitalfarming.frontend.selenium.utils.config.PropertiesRepository - Loading property file : global.properties
INFO main com.bayer.digitalfarming.frontend.selenium.utils.config.PropertiesRepository - Loading property file : mainpage.properties
INFO main com.bayer.digitalfarming.frontend.selenium.utils.config.PropertiesRepository - Loading property file : global.properties
INFO main com.bayer.digitalfarming.frontend.selenium.utils.config.PropertiesRepository - Loading property file : log4j.properties
INFO main com.bayer.digitalfarming.frontend.selenium.utils.driverfactory.DriverFactory - Desired Capabilities : Capabilities {acceptInsecureCerts: true, browserConnectionEnabled: true, browserName: chrome, cssSelectorsEnabled: true, firefox_profile: org.openqa.selenium.firefox..., handlesAlerts: true, javascriptEnabled: true, networkConnectionEnabled: true, takesScreenshot: true, version: }
INFO main com.bayer.digitalfarming.frontend.selenium.utils.config.PropertiesRepository - List of files to load : global.properties,mainpage.properties
INFO main com.bayer.digitalfarming.frontend.selenium.utils.config.PropertiesRepository - Loading property file : global.properties
INFO main com.bayer.digitalfarming.frontend.selenium.utils.config.PropertiesRepository - Loading property file : mainpage.properties
INFO main com.bayer.digitalfarming.frontend.selenium.utils.config.PropertiesRepository - Loading property file : global.properties
INFO main com.bayer.digitalfarming.frontend.selenium.utils.config.PropertiesRepository - Loading property file : log4j.properties
INFO main com.bayer.digitalfarming.frontend.selenium.utils.driverfactory.DriverFactory - Desired Capabilities : Capabilities {browserName: chrome, goog:chromeOptions: {args: [], extensions: []}, platform: WINDOWS, version: }
INFO main com.bayer.digitalfarming.frontend.selenium.utils.config.PropertiesRepository - List of files to load : global.properties,mainpage.properties
INFO main com.bayer.digitalfarming.frontend.selenium.utils.config.PropertiesRepository - Loading property file : global.properties
INFO main com.bayer.digitalfarming.frontend.selenium.utils.config.PropertiesRepository - Loading property file : mainpage.properties
INFO main com.bayer.digitalfarming.frontend.selenium.utils.config.PropertiesRepository - Loading property file : global.properties
INFO main com.bayer.digitalfarming.frontend.selenium.utils.config.PropertiesRepository - Loading property file : log4j.properties
INFO main com.bayer.digitalfarming.frontend.selenium.utils.driverfactory.DriverFactory - Desired Capabilities : Capabilities {browserName: chrome, goog:chromeOptions: {args: [], extensions: []}, platform: WINDOWS, version: }
INFO main com.bayer.digitalfarming.frontend.selenium.utils.config.PropertiesRepository - List of files to load : global.properties,mainpage.properties
INFO main com.bayer.digitalfarming.frontend.selenium.utils.config.PropertiesRepository - Loading property file : global.properties
INFO main com.bayer.digitalfarming.frontend.selenium.utils.config.PropertiesRepository - Loading property file : mainpage.properties
INFO main com.bayer.digitalfarming.frontend.selenium.utils.config.PropertiesRepository - Loading property file : global.properties
INFO main com.bayer.digitalfarming.frontend.selenium.utils.config.PropertiesRepository - Loading property file : log4j.properties
INFO main com.bayer.digitalfarming.frontend.selenium.utils.driverfactory.DriverFactory - Desired Capabilities : Capabilities {browserName: chrome, platform: WINDOWS, version: }
INFO main com.bayer.digitalfarming.frontend.selenium.utils.config.PropertiesRepository - List of files to load : global.properties,mainpage.properties
INFO main com.bayer.digitalfarming.frontend.selenium.utils.config.PropertiesRepository - Loading property file : global.properties
INFO main com.bayer.digitalfarming.frontend.selenium.utils.config.PropertiesRepository - Loading property file : mainpage.properties
INFO main com.bayer.digitalfarming.frontend.selenium.utils.config.PropertiesRepository - Loading property file : global.properties
INFO main com.bayer.digitalfarming.frontend.selenium.utils.config.PropertiesRepository - Loading property file : log4j.properties
INFO main com.bayer.digitalfarming.frontend.selenium.utils.driverfactory.DriverFactory - Desired Capabilities : Capabilities {browserName: chrome, goog:chromeOptions: {args: [], extensions: []}, platform: WINDOWS, version: }
INFO main com.bayer.digitalfarming.frontend.selenium.utils.config.PropertiesRepository - List of files to load : global.properties,mainpage.properties
INFO main com.bayer.digitalfarming.frontend.selenium.utils.config.PropertiesRepository - Loading property file : global.properties
INFO main com.bayer.digitalfarming.frontend.selenium.utils.config.PropertiesRepository - Loading property file : mainpage.properties
INFO main com.bayer.digitalfarming.frontend.selenium.utils.config.PropertiesRepository - Loading property file : global.properties
INFO main com.bayer.digitalfarming.frontend.selenium.utils.config.PropertiesRepository - Loading property file : log4j.properties
INFO main com.bayer.digitalfarming.frontend.selenium.utils.config.PropertiesRepository - List of files to load : global.properties,mainpage.properties
INFO main com.bayer.digitalfarming.frontend.selenium.utils.config.PropertiesRepository - Loading property file : global.properties
INFO main com.bayer.digitalfarming.frontend.selenium.utils.config.PropertiesRepository - Loading property file : mainpage.properties
INFO main com.bayer.digitalfarming.frontend.selenium.utils.config.PropertiesRepository - Loading property file : global.properties
INFO main com.bayer.digitalfarming.frontend.selenium.utils.config.PropertiesRepository - Loading property file : log4j.properties
INFO main com.bayer.digitalfarming.frontend.selenium.utils.config.PropertiesRepository - List of files to load : global.properties,mainpage.properties
INFO main com.bayer.digitalfarming.frontend.selenium.utils.config.PropertiesRepository - Loading property file : global.properties
INFO main com.bayer.digitalfarming.frontend.selenium.utils.config.PropertiesRepository - Loading property file : mainpage.properties
INFO main com.bayer.digitalfarming.frontend.selenium.utils.config.PropertiesRepository - Loading property file : global.properties
INFO main com.bayer.digitalfarming.frontend.selenium.utils.config.PropertiesRepository - Loading property file : log4j.properties
INFO main com.bayer.digitalfarming.frontend.selenium.utils.config.PropertiesRepository - List of files to load : global.properties,mainpage.properties
INFO main com.bayer.digitalfarming.frontend.selenium.utils.config.PropertiesRepository - Loading property file : global.properties
INFO main com.bayer.digitalfarming.frontend.selenium.utils.config.PropertiesRepository - Loading property file : mainpage.properties
INFO main com.bayer.digitalfarming.frontend.selenium.utils.config.PropertiesRepository - Loading property file : global.properties
INFO main com.bayer.digitalfarming.frontend.selenium.utils.config.PropertiesRepository - Loading property file : log4j.properties
INFO main com.bayer.digitalfarming.frontend.selenium.utils.config.PropertiesRepository - List of files to load : global.properties,mainpage.properties
INFO main com.bayer.digitalfarming.frontend.selenium.utils.config.PropertiesRepository - Loading property file : global.properties
INFO main com.bayer.digitalfarming.frontend.selenium.utils.config.PropertiesRepository - Loading property file : mainpage.properties
INFO main com.bayer.digitalfarming.frontend.selenium.utils.config.PropertiesRepository - Loading property file : global.properties
INFO main com.bayer.digitalfarming.frontend.selenium.utils.config.PropertiesRepository - Loading property file : log4j.properties
INFO main com.bayer.digitalfarming.frontend.selenium.utils.config.PropertiesRepository - List of files to load : global.properties,mainpage.properties
INFO main com.bayer.digitalfarming.frontend.selenium.utils.config.PropertiesRepository - Loading property file : global.properties
INFO main com.bayer.digitalfarming.frontend.selenium.utils.config.PropertiesRepository - Loading property file : mainpage.properties
INFO main com.bayer.digitalfarming.frontend.selenium.utils.config.PropertiesRepository - Loading property file : global.properties
INFO main com.bayer.digitalfarming.frontend.selenium.utils.config.PropertiesRepository - Loading property file : log4j.properties
INFO main com.bayer.digitalfarming.frontend.selenium.utils.driverfactory.DriverFactory - Desired Capabilities : Capabilities {browserName: chrome, platform: WINDOWS, version: }
INFO main com.bayer.digitalfarming.frontend.selenium.utils.config.PropertiesRepository - List of files to load : global.properties,mainpage.properties
INFO main com.bayer.digitalfarming.frontend.selenium.utils.config.PropertiesRepository - Loading property file : global.properties
INFO main com.bayer.digitalfarming.frontend.selenium.utils.config.PropertiesRepository - Loading property file : mainpage.properties
INFO main com.bayer.digitalfarming.frontend.selenium.utils.config.PropertiesRepository - Loading property file : global.properties
INFO main com.bayer.digitalfarming.frontend.selenium.utils.config.PropertiesRepository - Loading property file : log4j.properties
INFO main com.bayer.digitalfarming.frontend.selenium.utils.driverfactory.DriverFactory - Desired Capabilities : Capabilities {browserName: chrome, goog:chromeOptions: {args: [], extensions: []}, platform: WINDOWS, version: }
INFO main com.bayer.digitalfarming.frontend.selenium.utils.config.PropertiesRepository - List of files to load : global.properties,mainpage.properties
INFO main com.bayer.digitalfarming.frontend.selenium.utils.config.PropertiesRepository - Loading property file : global.properties
INFO main com.bayer.digitalfarming.frontend.selenium.utils.config.PropertiesRepository - Loading property file : mainpage.properties
INFO main com.bayer.digitalfarming.frontend.selenium.utils.config.PropertiesRepository - Loading property file : global.properties
INFO main com.bayer.digitalfarming.frontend.selenium.utils.config.PropertiesRepository - Loading property file : log4j.properties
INFO main com.bayer.digitalfarming.frontend.selenium.utils.driverfactory.DriverFactory - Desired Capabilities : Capabilities {browserName: chrome, goog:chromeOptions: {args: [], extensions: []}, platform: WINDOWS, version: }
INFO main com.bayer.digitalfarming.frontend.selenium.utils.config.PropertiesRepository - List of files to load : global.properties,mainpage.properties
INFO main com.bayer.digitalfarming.frontend.selenium.utils.config.PropertiesRepository - Loading property file : global.properties
INFO main com.bayer.digitalfarming.frontend.selenium.utils.config.PropertiesRepository - Loading property file : mainpage.properties
INFO main com.bayer.digitalfarming.frontend.selenium.utils.config.PropertiesRepository - Loading property file : global.properties
INFO main com.bayer.digitalfarming.frontend.selenium.utils.config.PropertiesRepository - Loading property file : log4j.properties
INFO main com.bayer.digitalfarming.frontend.selenium.utils.driverfactory.DriverFactory - Desired Capabilities : Capabilities {browserName: chrome, platform: WINDOWS, version: }
INFO main com.bayer.digitalfarming.frontend.selenium.utils.config.PropertiesRepository - List of files to load : global.properties,mainpage.properties
INFO main com.bayer.digitalfarming.frontend.selenium.utils.config.PropertiesRepository - Loading property file : global.properties
INFO main com.bayer.digitalfarming.frontend.selenium.utils.config.PropertiesRepository - Loading property file : mainpage.properties
INFO main com.bayer.digitalfarming.frontend.selenium.utils.config.PropertiesRepository - Loading property file : global.properties
INFO main com.bayer.digitalfarming.frontend.selenium.utils.config.PropertiesRepository - Loading property file : log4j.properties
INFO main com.bayer.digitalfarming.frontend.selenium.utils.driverfactory.DriverFactory - Desired Capabilities : Capabilities {browserName: chrome, goog:chromeOptions: {args: [], extensions: []}, platform: WINDOWS, version: }
INFO main com.bayer.digitalfarming.frontend.selenium.utils.config.PropertiesRepository - List of files to load : global.properties,mainpage.properties
INFO main com.bayer.digitalfarming.frontend.selenium.utils.config.PropertiesRepository - Loading property file : global.properties
INFO main com.bayer.digitalfarming.frontend.selenium.utils.config.PropertiesRepository - Loading property file : mainpage.properties
INFO main com.bayer.digitalfarming.frontend.selenium.utils.config.PropertiesRepository - Loading property file : global.properties
INFO main com.bayer.digitalfarming.frontend.selenium.utils.config.PropertiesRepository - Loading property file : log4j.properties
INFO main com.bayer.digitalfarming.frontend.selenium.utils.driverfactory.DriverFactory - Desired Capabilities : Capabilities {browserName: chrome, platform: WINDOWS, version: }
INFO main com.bayer.digitalfarming.frontend.selenium.utils.config.PropertiesRepository - List of files to load : global.properties,mainpage.properties
INFO main com.bayer.digitalfarming.frontend.selenium.utils.config.PropertiesRepository - Loading property file : global.properties
INFO main com.bayer.digitalfarming.frontend.selenium.utils.config.PropertiesRepository - Loading property file : mainpage.properties
INFO main com.bayer.digitalfarming.frontend.selenium.utils.config.PropertiesRepository - Loading property file : global.properties
INFO main com.bayer.digitalfarming.frontend.selenium.utils.config.PropertiesRepository - Loading property file : log4j.properties
INFO main com.bayer.digitalfarming.frontend.selenium.utils.driverfactory.DriverFactory - Desired Capabilities : Capabilities {browserName: chrome, goog:chromeOptions: {args: [], extensions: []}, platform: WINDOWS, version: }
INFO main com.bayer.digitalfarming.frontend.selenium.utils.config.PropertiesRepository - List of files to load : global.properties,mainpage.properties
INFO main com.bayer.digitalfarming.frontend.selenium.utils.config.PropertiesRepository - Loading property file : global.properties
INFO main com.bayer.digitalfarming.frontend.selenium.utils.config.PropertiesRepository - Loading property file : mainpage.properties
INFO main com.bayer.digitalfarming.frontend.selenium.utils.config.PropertiesRepository - Loading property file : global.properties
INFO main com.bayer.digitalfarming.frontend.selenium.utils.config.PropertiesRepository - Loading property file : log4j.properties
INFO main com.bayer.digitalfarming.frontend.selenium.utils.driverfactory.DriverFactory - Desired Capabilities : Capabilities {browserName: chrome, goog:chromeOptions: {args: [], extensions: []}, platform: WINDOWS, version: }
INFO main com.bayer.digitalfarming.frontend.selenium.utils.config.PropertiesRepository - List of files to load : global.properties,mainpage.properties
INFO main com.bayer.digitalfarming.frontend.selenium.utils.config.PropertiesRepository - Loading property file : global.properties
INFO main com.bayer.digitalfarming.frontend.selenium.utils.config.PropertiesRepository - Loading property file : mainpage.properties
INFO main com.bayer.digitalfarming.frontend.selenium.utils.config.PropertiesRepository - Loading property file : global.properties
INFO main com.bayer.digitalfarming.frontend.selenium.utils.config.PropertiesRepository - Loading property file : log4j.properties
INFO main com.bayer.digitalfarming.frontend.selenium.utils.driverfactory.DriverFactory - Desired Capabilities : Capabilities {browserName: chrome, goog:chromeOptions: {args: [], extensions: []}, platform: WINDOWS, version: }
INFO main com.bayer.digitalfarming.frontend.selenium.utils.config.PropertiesRepository - List of files to load : global.properties,mainpage.properties
INFO main com.bayer.digitalfarming.frontend.selenium.utils.config.PropertiesRepository - Loading property file : global.properties
INFO main com.bayer.digitalfarming.frontend.selenium.utils.config.PropertiesRepository - Loading property file : mainpage.properties
INFO main com.bayer.digitalfarming.frontend.selenium.utils.config.PropertiesRepository - Loading property file : global.properties
INFO main com.bayer.digitalfarming.frontend.selenium.utils.config.PropertiesRepository - Loading property file : log4j.properties
INFO main com.bayer.digitalfarming.frontend.selenium.utils.driverfactory.DriverFactory - Desired Capabilities : Capabilities {browserName: chrome, goog:chromeOptions: {args: [], extensions: []}, platform: WINDOWS, version: }
INFO main com.bayer.digitalfarming.frontend.selenium.utils.config.PropertiesRepository - List of files to load : global.properties,mainpage.properties
INFO main com.bayer.digitalfarming.frontend.selenium.utils.config.PropertiesRepository - Loading property file : global.properties
INFO main com.bayer.digitalfarming.frontend.selenium.utils.config.PropertiesRepository - Loading property file : mainpage.properties
INFO main com.bayer.digitalfarming.frontend.selenium.utils.config.PropertiesRepository - Loading property file : global.properties
INFO main com.bayer.digitalfarming.frontend.selenium.utils.config.PropertiesRepository - Loading property file : log4j.properties
INFO main com.bayer.digitalfarming.frontend.selenium.utils.driverfactory.DriverFactory - Desired Capabilities : Capabilities {acceptInsecureCerts: true, browserConnectionEnabled: true, browserName: chrome, cssSelectorsEnabled: true, firefox_profile: org.openqa.selenium.firefox..., handlesAlerts: true, javascriptEnabled: true, networkConnectionEnabled: true, takesScreenshot: true, version: }
INFO main com.bayer.digitalfarming.frontend.selenium.utils.config.PropertiesRepository - List of files to load : global.properties,mainpage.properties
INFO main com.bayer.digitalfarming.frontend.selenium.utils.config.PropertiesRepository - Loading property file : global.properties
INFO main com.bayer.digitalfarming.frontend.selenium.utils.config.PropertiesRepository - Loading property file : mainpage.properties
INFO main com.bayer.digitalfarming.frontend.selenium.utils.config.PropertiesRepository - Loading property file : global.properties
INFO main com.bayer.digitalfarming.frontend.selenium.utils.config.PropertiesRepository - Loading property file : log4j.properties
INFO main com.bayer.digitalfarming.frontend.selenium.utils.driverfactory.DriverFactory - Desired Capabilities : Capabilities {browserName: chrome, goog:chromeOptions: {args: [], extensions: []}, platform: WINDOWS, version: }
INFO main com.bayer.digitalfarming.frontend.selenium.utils.config.PropertiesRepository - List of files to load : global.properties,mainpage.properties
INFO main com.bayer.digitalfarming.frontend.selenium.utils.config.PropertiesRepository - Loading property file : global.properties
INFO main com.bayer.digitalfarming.frontend.selenium.utils.config.PropertiesRepository - Loading property file : mainpage.properties
INFO main com.bayer.digitalfarming.frontend.selenium.utils.config.PropertiesRepository - Loading property file : global.properties
INFO main com.bayer.digitalfarming.frontend.selenium.utils.config.PropertiesRepository - Loading property file : log4j.properties
INFO main com.bayer.digitalfarming.frontend.selenium.utils.driverfactory.DriverFactory - Desired Capabilities : Capabilities {browserName: chrome, goog:chromeOptions: {args: [], extensions: []}, platform: WINDOWS, version: }
INFO main com.bayer.digitalfarming.frontend.selenium.utils.config.PropertiesRepository - List of files to load : global.properties,mainpage.properties
INFO main com.bayer.digitalfarming.frontend.selenium.utils.config.PropertiesRepository - Loading property file : global.properties
INFO main com.bayer.digitalfarming.frontend.selenium.utils.config.PropertiesRepository - Loading property file : mainpage.properties
INFO main com.bayer.digitalfarming.frontend.selenium.utils.config.PropertiesRepository - Loading property file : global.properties
INFO main com.bayer.digitalfarming.frontend.selenium.utils.config.PropertiesRepository - Loading property file : log4j.properties
INFO main com.bayer.digitalfarming.frontend.selenium.utils.driverfactory.DriverFactory - Desired Capabilities : Capabilities {browserName: chrome, goog:chromeOptions: {args: [], extensions: []}, platform: WINDOWS, version: }
INFO main com.bayer.digitalfarming.frontend.selenium.utils.config.PropertiesRepository - List of files to load : global.properties,mainpage.properties
INFO main com.bayer.digitalfarming.frontend.selenium.utils.config.PropertiesRepository - Loading property file : global.properties
INFO main com.bayer.digitalfarming.frontend.selenium.utils.config.PropertiesRepository - Loading property file : mainpage.properties
INFO main com.bayer.digitalfarming.frontend.selenium.utils.config.PropertiesRepository - Loading property file : global.properties
INFO main com.bayer.digitalfarming.frontend.selenium.utils.config.PropertiesRepository - Loading property file : log4j.properties
INFO main com.bayer.digitalfarming.frontend.selenium.utils.driverfactory.DriverFactory - Desired Capabilities : Capabilities {browserName: chrome, goog:chromeOptions: {args: [], extensions: []}, platform: WINDOWS, version: }
INFO main com.bayer.digitalfarming.frontend.selenium.utils.config.PropertiesRepository - List of files to load : global.properties,mainpage.properties
INFO main com.bayer.digitalfarming.frontend.selenium.utils.config.PropertiesRepository - Loading property file : global.properties
INFO main com.bayer.digitalfarming.frontend.selenium.utils.config.PropertiesRepository - Loading property file : mainpage.properties
INFO main com.bayer.digitalfarming.frontend.selenium.utils.config.PropertiesRepository - Loading property file : global.properties
INFO main com.bayer.digitalfarming.frontend.selenium.utils.config.PropertiesRepository - Loading property file : log4j.properties
INFO main com.bayer.digitalfarming.frontend.selenium.utils.driverfactory.DriverFactory - Desired Capabilities : Capabilities {acceptInsecureCerts: true, browserConnectionEnabled: true, browserName: chrome, cssSelectorsEnabled: true, firefox_profile: org.openqa.selenium.firefox..., handlesAlerts: true, javascriptEnabled: true, networkConnectionEnabled: true, takesScreenshot: true, version: }
INFO main com.bayer.digitalfarming.frontend.selenium.utils.config.PropertiesRepository - List of files to load : global.properties,mainpage.properties
INFO main com.bayer.digitalfarming.frontend.selenium.utils.config.PropertiesRepository - Loading property file : global.properties
INFO main com.bayer.digitalfarming.frontend.selenium.utils.config.PropertiesRepository - Loading property file : mainpage.properties
INFO main com.bayer.digitalfarming.frontend.selenium.utils.config.PropertiesRepository - Loading property file : global.properties
INFO main com.bayer.digitalfarming.frontend.selenium.utils.config.PropertiesRepository - Loading property file : log4j.properties
INFO main com.bayer.digitalfarming.frontend.selenium.utils.driverfactory.DriverFactory - Desired Capabilities : Capabilities {browserName: chrome, goog:chromeOptions: {args: [], extensions: []}, platform: WINDOWS, version: }
INFO main com.bayer.digitalfarming.frontend.selenium.utils.config.PropertiesRepository - List of files to load : global.properties,mainpage.properties
INFO main com.bayer.digitalfarming.frontend.selenium.utils.config.PropertiesRepository - Loading property file : global.properties
INFO main com.bayer.digitalfarming.frontend.selenium.utils.config.PropertiesRepository - Loading property file : mainpage.properties
INFO main com.bayer.digitalfarming.frontend.selenium.utils.config.PropertiesRepository - Loading property file : global.properties
INFO main com.bayer.digitalfarming.frontend.selenium.utils.config.PropertiesRepository - Loading property file : log4j.properties
INFO main com.bayer.digitalfarming.frontend.selenium.utils.driverfactory.DriverFactory - Desired Capabilities : Capabilities {browserName: chrome, goog:chromeOptions: {args: [], extensions: []}, platform: WINDOWS, version: }
INFO main com.bayer.digitalfarming.frontend.selenium.utils.config.PropertiesRepository - List of files to load : global.properties,mainpage.properties
INFO main com.bayer.digitalfarming.frontend.selenium.utils.config.PropertiesRepository - Loading property file : global.properties
INFO main com.bayer.digitalfarming.frontend.selenium.utils.config.PropertiesRepository - Loading property file : mainpage.properties
INFO main com.bayer.digitalfarming.frontend.selenium.utils.config.PropertiesRepository - Loading property file : global.properties
INFO main com.bayer.digitalfarming.frontend.selenium.utils.config.PropertiesRepository - Loading property file : log4j.properties
INFO main com.bayer.digitalfarming.frontend.selenium.utils.driverfactory.DriverFactory - Desired Capabilities : Capabilities {browserName: chrome, goog:chromeOptions: {args: [], extensions: []}, platform: WINDOWS, version: }
INFO main com.bayer.digitalfarming.frontend.selenium.utils.config.PropertiesRepository - List of files to load : global.properties,mainpage.properties
INFO main com.bayer.digitalfarming.frontend.selenium.utils.config.PropertiesRepository - Loading property file : global.properties
INFO main com.bayer.digitalfarming.frontend.selenium.utils.config.PropertiesRepository - Loading property file : mainpage.properties
INFO main com.bayer.digitalfarming.frontend.selenium.utils.config.PropertiesRepository - Loading property file : global.properties
INFO main com.bayer.digitalfarming.frontend.selenium.utils.config.PropertiesRepository - Loading property file : log4j.properties
INFO main com.bayer.digitalfarming.frontend.selenium.utils.driverfactory.DriverFactory - Desired Capabilities : Capabilities {browserName: chrome, goog:chromeOptions: {args: [], extensions: []}, platform: WINDOWS, version: }
INFO main com.bayer.digitalfarming.frontend.selenium.utils.config.PropertiesRepository - List of files to load : global.properties,mainpage.properties
INFO main com.bayer.digitalfarming.frontend.selenium.utils.config.PropertiesRepository - Loading property file : global.properties
INFO main com.bayer.digitalfarming.frontend.selenium.utils.config.PropertiesRepository - Loading property file : mainpage.properties
INFO main com.bayer.digitalfarming.frontend.selenium.utils.config.PropertiesRepository - Loading property file : global.properties
INFO main com.bayer.digitalfarming.frontend.selenium.utils.config.PropertiesRepository - Loading property file : log4j.properties
INFO main com.bayer.digitalfarming.frontend.selenium.utils.driverfactory.DriverFactory - Desired Capabilities : Capabilities {browserName: chrome, goog:chromeOptions: {args: [], extensions: []}, platform: WINDOWS, version: }
INFO main com.bayer.digitalfarming.frontend.selenium.utils.config.PropertiesRepository - List of files to load : global.properties,mainpage.properties
INFO main com.bayer.digitalfarming.frontend.selenium.utils.config.PropertiesRepository - Loading property file : global.properties
INFO main com.bayer.digitalfarming.frontend.selenium.utils.config.PropertiesRepository - Loading property file : mainpage.properties
INFO main com.bayer.digitalfarming.frontend.selenium.utils.config.PropertiesRepository - Loading property file : global.properties
INFO main com.bayer.digitalfarming.frontend.selenium.utils.config.PropertiesRepository - Loading property file : log4j.properties
INFO main com.bayer.digitalfarming.frontend.selenium.utils.driverfactory.DriverFactory - Desired Capabilities : Capabilities {browserName: chrome, goog:chromeOptions: {args: [], extensions: []}, platform: WINDOWS, version: }
INFO main com.bayer.digitalfarming.frontend.selenium.utils.config.PropertiesRepository - List of files to load : global.properties,mainpage.properties
INFO main com.bayer.digitalfarming.frontend.selenium.utils.config.PropertiesRepository - Loading property file : global.properties
INFO main com.bayer.digitalfarming.frontend.selenium.utils.config.PropertiesRepository - Loading property file : mainpage.properties
INFO main com.bayer.digitalfarming.frontend.selenium.utils.config.PropertiesRepository - Loading property file : global.properties
INFO main com.bayer.digitalfarming.frontend.selenium.utils.config.PropertiesRepository - Loading property file : log4j.properties
INFO main com.bayer.digitalfarming.frontend.selenium.utils.driverfactory.DriverFactory - Desired Capabilities : Capabilities {browserName: chrome, platform: ANY, version: }
INFO main com.bayer.digitalfarming.frontend.selenium.utils.config.PropertiesRepository - List of files to load : global.properties,mainpage.properties
INFO main com.bayer.digitalfarming.frontend.selenium.utils.config.PropertiesRepository - Loading property file : global.properties
INFO main com.bayer.digitalfarming.frontend.selenium.utils.config.PropertiesRepository - Loading property file : mainpage.properties
INFO main com.bayer.digitalfarming.frontend.selenium.utils.config.PropertiesRepository - Loading property file : global.properties
INFO main com.bayer.digitalfarming.frontend.selenium.utils.config.PropertiesRepository - Loading property file : log4j.properties
INFO main com.bayer.digitalfarming.frontend.selenium.utils.driverfactory.DriverFactory - Desired Capabilities : Capabilities {browserName: chrome, platform: ANY, version: }
INFO main com.bayer.digitalfarming.frontend.selenium.utils.config.PropertiesRepository - List of files to load : global.properties,mainpage.properties
INFO main com.bayer.digitalfarming.frontend.selenium.utils.config.PropertiesRepository - Loading property file : global.properties
INFO main com.bayer.digitalfarming.frontend.selenium.utils.config.PropertiesRepository - Loading property file : mainpage.properties
INFO main com.bayer.digitalfarming.frontend.selenium.utils.config.PropertiesRepository - Loading property file : global.properties
INFO main com.bayer.digitalfarming.frontend.selenium.utils.config.PropertiesRepository - Loading property file : log4j.properties
INFO main com.bayer.digitalfarming.frontend.selenium.utils.driverfactory.DriverFactory - Desired Capabilities : Capabilities {browserName: chrome, goog:chromeOptions: {args: [], extensions: []}, platform: ANY, version: }
INFO main com.bayer.digitalfarming.frontend.selenium.utils.config.PropertiesRepository - List of files to load : global.properties,mainpage.properties
INFO main com.bayer.digitalfarming.frontend.selenium.utils.config.PropertiesRepository - Loading property file : global.properties
INFO main com.bayer.digitalfarming.frontend.selenium.utils.config.PropertiesRepository - Loading property file : mainpage.properties
INFO main com.bayer.digitalfarming.frontend.selenium.utils.config.PropertiesRepository - Loading property file : global.properties
INFO main com.bayer.digitalfarming.frontend.selenium.utils.config.PropertiesRepository - Loading property file : log4j.properties
INFO main com.bayer.digitalfarming.frontend.selenium.utils.config.PropertiesRepository - List of files to load : global.properties,mainpage.properties
INFO main com.bayer.digitalfarming.frontend.selenium.utils.config.PropertiesRepository - Loading property file : global.properties
INFO main com.bayer.digitalfarming.frontend.selenium.utils.config.PropertiesRepository - Loading property file : mainpage.properties
INFO main com.bayer.digitalfarming.frontend.selenium.utils.config.PropertiesRepository - Loading property file : global.properties
INFO main com.bayer.digitalfarming.frontend.selenium.utils.config.PropertiesRepository - Loading property file : log4j.properties
INFO main com.bayer.digitalfarming.frontend.selenium.utils.driverfactory.DriverFactory - Desired Capabilities : Capabilities {browserName: chrome, goog:chromeOptions: {args: [], extensions: []}, platform: WINDOWS, version: }
INFO main com.bayer.digitalfarming.frontend.selenium.utils.config.PropertiesRepository - List of files to load : global.properties,mainpage.properties
INFO main com.bayer.digitalfarming.frontend.selenium.utils.config.PropertiesRepository - Loading property file : global.properties
INFO main com.bayer.digitalfarming.frontend.selenium.utils.config.PropertiesRepository - Loading property file : mainpage.properties
INFO main com.bayer.digitalfarming.frontend.selenium.utils.config.PropertiesRepository - Loading property file : global.properties
INFO main com.bayer.digitalfarming.frontend.selenium.utils.config.PropertiesRepository - Loading property file : log4j.properties
INFO main com.bayer.digitalfarming.frontend.selenium.utils.driverfactory.DriverFactory - Desired Capabilities : Capabilities {browserName: chrome, goog:chromeOptions: {args: [], extensions: []}, platform: WINDOWS, version: }
INFO main com.bayer.digitalfarming.frontend.selenium.utils.config.PropertiesRepository - List of files to load : global.properties,mainpage.properties
INFO main com.bayer.digitalfarming.frontend.selenium.utils.config.PropertiesRepository - Loading property file : global.properties
INFO main com.bayer.digitalfarming.frontend.selenium.utils.config.PropertiesRepository - Loading property file : mainpage.properties
INFO main com.bayer.digitalfarming.frontend.selenium.utils.config.PropertiesRepository - Loading property file : global.properties
INFO main com.bayer.digitalfarming.frontend.selenium.utils.config.PropertiesRepository - Loading property file : log4j.properties
INFO main com.bayer.digitalfarming.frontend.selenium.utils.config.PropertiesRepository - List of files to load : global.properties,mainpage.properties
INFO main com.bayer.digitalfarming.frontend.selenium.utils.config.PropertiesRepository - Loading property file : global.properties
INFO main com.bayer.digitalfarming.frontend.selenium.utils.config.PropertiesRepository - Loading property file : mainpage.properties
INFO main com.bayer.digitalfarming.frontend.selenium.utils.config.PropertiesRepository - Loading property file : global.properties
INFO main com.bayer.digitalfarming.frontend.selenium.utils.config.PropertiesRepository - Loading property file : log4j.properties
INFO main com.bayer.digitalfarming.frontend.selenium.utils.driverfactory.DriverFactory - Desired Capabilities : Capabilities {browserName: chrome, cssSelectorsEnabled: true, goog:chromeOptions: {args: [], binary: G:/ITPA/SeleniumFW_SVN/GitR..., extensions: [], prefs: {download.default_directory: C:/download, download.prompt_for_download: false, profile.default_content_settings.popups: 0}}, handlesAlerts: true, javascriptEnabled: true, platform: WINDOWS, takesScreenshot: true, version: }
INFO main com.bayer.digitalfarming.frontend.selenium.utils.config.PropertiesRepository - List of files to load : global.properties,mainpage.properties
INFO main com.bayer.digitalfarming.frontend.selenium.utils.config.PropertiesRepository - Loading property file : global.properties
INFO main com.bayer.digitalfarming.frontend.selenium.utils.config.PropertiesRepository - Loading property file : mainpage.properties
INFO main com.bayer.digitalfarming.frontend.selenium.utils.config.PropertiesRepository - Loading property file : global.properties
INFO main com.bayer.digitalfarming.frontend.selenium.utils.config.PropertiesRepository - Loading property file : log4j.properties
INFO main com.bayer.digitalfarming.frontend.selenium.utils.driverfactory.DriverFactory - Desired Capabilities : Capabilities {acceptInsecureCerts: true, browserConnectionEnabled: true, browserName: chrome, cssSelectorsEnabled: true, firefox_profile: org.openqa.selenium.firefox..., handlesAlerts: true, javascriptEnabled: true, networkConnectionEnabled: true, platform: WINDOWS, takesScreenshot: true, version: }
INFO main com.bayer.digitalfarming.frontend.selenium.utils.config.PropertiesRepository - List of files to load : global.properties,mainpage.properties
INFO main com.bayer.digitalfarming.frontend.selenium.utils.config.PropertiesRepository - Loading property file : global.properties
INFO main com.bayer.digitalfarming.frontend.selenium.utils.config.PropertiesRepository - Loading property file : mainpage.properties
INFO main com.bayer.digitalfarming.frontend.selenium.utils.config.PropertiesRepository - Loading property file : global.properties
INFO main com.bayer.digitalfarming.frontend.selenium.utils.config.PropertiesRepository - Loading property file : log4j.properties
INFO main com.bayer.digitalfarming.frontend.selenium.utils.driverfactory.DriverFactory - Desired Capabilities : null
INFO main com.bayer.digitalfarming.frontend.selenium.utils.config.PropertiesRepository - List of files to load : global.properties,mainpage.properties
INFO main com.bayer.digitalfarming.frontend.selenium.utils.config.PropertiesRepository - Loading property file : global.properties
INFO main com.bayer.digitalfarming.frontend.selenium.utils.config.PropertiesRepository - Loading property file : mainpage.properties
INFO main com.bayer.digitalfarming.frontend.selenium.utils.config.PropertiesRepository - Loading property file : global.properties
INFO main com.bayer.digitalfarming.frontend.selenium.utils.config.PropertiesRepository - Loading property file : log4j.properties
INFO main com.bayer.digitalfarming.frontend.selenium.utils.driverfactory.DriverFactory - Desired Capabilities : Capabilities {browserName: chrome, platform: ANY, version: }
INFO main com.bayer.digitalfarming.frontend.selenium.utils.config.PropertiesRepository - List of files to load : global.properties,mainpage.properties
INFO main com.bayer.digitalfarming.frontend.selenium.utils.config.PropertiesRepository - Loading property file : global.properties
INFO main com.bayer.digitalfarming.frontend.selenium.utils.config.PropertiesRepository - Loading property file : mainpage.properties
INFO main com.bayer.digitalfarming.frontend.selenium.utils.config.PropertiesRepository - Loading property file : global.properties
INFO main com.bayer.digitalfarming.frontend.selenium.utils.config.PropertiesRepository - Loading property file : log4j.properties
INFO main com.bayer.digitalfarming.frontend.selenium.utils.driverfactory.DriverFactory - Desired Capabilities : Capabilities {browserName: chrome, goog:chromeOptions: {args: [], extensions: []}, platform: WINDOWS, version: }
INFO main com.bayer.digitalfarming.frontend.selenium.utils.config.PropertiesRepository - List of files to load : global.properties,mainpage.properties
INFO main com.bayer.digitalfarming.frontend.selenium.utils.config.PropertiesRepository - Loading property file : global.properties
INFO main com.bayer.digitalfarming.frontend.selenium.utils.config.PropertiesRepository - Loading property file : mainpage.properties
INFO main com.bayer.digitalfarming.frontend.selenium.utils.config.PropertiesRepository - Loading property file : global.properties
INFO main com.bayer.digitalfarming.frontend.selenium.utils.config.PropertiesRepository - Loading property file : log4j.properties
INFO main com.bayer.digitalfarming.frontend.selenium.utils.config.PropertiesRepository - List of files to load : global.properties,mainpage.properties
INFO main com.bayer.digitalfarming.frontend.selenium.utils.config.PropertiesRepository - Loading property file : global.properties
INFO main com.bayer.digitalfarming.frontend.selenium.utils.config.PropertiesRepository - Loading property file : mainpage.properties
INFO main com.bayer.digitalfarming.frontend.selenium.utils.config.PropertiesRepository - Loading property file : global.properties
INFO main com.bayer.digitalfarming.frontend.selenium.utils.config.PropertiesRepository - Loading property file : log4j.properties
INFO main com.bayer.digitalfarming.frontend.selenium.utils.config.PropertiesRepository - List of files to load : global.properties,mainpage.properties
INFO main com.bayer.digitalfarming.frontend.selenium.utils.config.PropertiesRepository - Loading property file : global.properties
INFO main com.bayer.digitalfarming.frontend.selenium.utils.config.PropertiesRepository - Loading property file : mainpage.properties
INFO main com.bayer.digitalfarming.frontend.selenium.utils.config.PropertiesRepository - Loading property file : global.properties
INFO main com.bayer.digitalfarming.frontend.selenium.utils.config.PropertiesRepository - Loading property file : log4j.properties
INFO main com.bayer.digitalfarming.frontend.selenium.utils.driverfactory.DriverFactory - Desired Capabilities : Capabilities {browserName: chrome, goog:chromeOptions: {args: [], extensions: []}, platform: WINDOWS, version: }
INFO main com.bayer.digitalfarming.frontend.selenium.utils.config.PropertiesRepository - List of files to load : global.properties,mainpage.properties
INFO main com.bayer.digitalfarming.frontend.selenium.utils.config.PropertiesRepository - Loading property file : global.properties
INFO main com.bayer.digitalfarming.frontend.selenium.utils.config.PropertiesRepository - Loading property file : mainpage.properties
INFO main com.bayer.digitalfarming.frontend.selenium.utils.config.PropertiesRepository - Loading property file : global.properties
INFO main com.bayer.digitalfarming.frontend.selenium.utils.config.PropertiesRepository - Loading property file : log4j.properties
INFO main com.bayer.digitalfarming.frontend.selenium.utils.driverfactory.DriverFactory - Desired Capabilities : Capabilities {browserName: chrome, goog:chromeOptions: {args: [], extensions: []}, platform: WINDOWS, version: }
INFO main com.bayer.digitalfarming.frontend.selenium.utils.config.PropertiesRepository - List of files to load : global.properties,mainpage.properties
INFO main com.bayer.digitalfarming.frontend.selenium.utils.config.PropertiesRepository - Loading property file : global.properties
INFO main com.bayer.digitalfarming.frontend.selenium.utils.config.PropertiesRepository - Loading property file : mainpage.properties
INFO main com.bayer.digitalfarming.frontend.selenium.utils.config.PropertiesRepository - Loading property file : global.properties
INFO main com.bayer.digitalfarming.frontend.selenium.utils.config.PropertiesRepository - Loading property file : log4j.properties
INFO main com.bayer.digitalfarming.frontend.selenium.utils.driverfactory.DriverFactory - Desired Capabilities : Capabilities {browserName: chrome, goog:chromeOptions: {args: [], extensions: []}, platform: WINDOWS, version: }
INFO main com.bayer.digitalfarming.frontend.selenium.utils.config.PropertiesRepository - List of files to load : global.properties,mainpage.properties
INFO main com.bayer.digitalfarming.frontend.selenium.utils.config.PropertiesRepository - Loading property file : global.properties
INFO main com.bayer.digitalfarming.frontend.selenium.utils.config.PropertiesRepository - Loading property file : mainpage.properties
INFO main com.bayer.digitalfarming.frontend.selenium.utils.config.PropertiesRepository - Loading property file : global.properties
INFO main com.bayer.digitalfarming.frontend.selenium.utils.config.PropertiesRepository - Loading property file : log4j.properties
INFO main com.bayer.digitalfarming.frontend.selenium.utils.driverfactory.DriverFactory - Desired Capabilities : Capabilities {browserName: chrome, goog:chromeOptions: {args: [], extensions: []}, platform: WINDOWS, version: }
INFO main com.bayer.digitalfarming.frontend.selenium.utils.config.PropertiesRepository - List of files to load : global.properties,mainpage.properties
INFO main com.bayer.digitalfarming.frontend.selenium.utils.config.PropertiesRepository - Loading property file : global.properties
INFO main com.bayer.digitalfarming.frontend.selenium.utils.config.PropertiesRepository - Loading property file : mainpage.properties
INFO main com.bayer.digitalfarming.frontend.selenium.utils.config.PropertiesRepository - Loading property file : global.properties
INFO main com.bayer.digitalfarming.frontend.selenium.utils.config.PropertiesRepository - Loading property file : log4j.properties
INFO main com.bayer.digitalfarming.frontend.selenium.utils.driverfactory.DriverFactory - Desired Capabilities : Capabilities {browserName: chrome, goog:chromeOptions: {args: [], extensions: []}, platform: WINDOWS, version: }
INFO main com.bayer.digitalfarming.frontend.selenium.utils.config.PropertiesRepository - List of files to load : global.properties,mainpage.properties
INFO main com.bayer.digitalfarming.frontend.selenium.utils.config.PropertiesRepository - Loading property file : global.properties
INFO main com.bayer.digitalfarming.frontend.selenium.utils.config.PropertiesRepository - Loading property file : mainpage.properties
INFO main com.bayer.digitalfarming.frontend.selenium.utils.config.PropertiesRepository - Loading property file : global.properties
INFO main com.bayer.digitalfarming.frontend.selenium.utils.config.PropertiesRepository - Loading property file : log4j.properties
INFO main com.bayer.digitalfarming.frontend.selenium.utils.driverfactory.DriverFactory - Desired Capabilities : Capabilities {browserName: chrome, goog:chromeOptions: {args: [], extensions: []}, platform: WINDOWS, version: }
INFO main com.bayer.digitalfarming.frontend.selenium.utils.config.PropertiesRepository - List of files to load : global.properties,mainpage.properties
INFO main com.bayer.digitalfarming.frontend.selenium.utils.config.PropertiesRepository - Loading property file : global.properties
INFO main com.bayer.digitalfarming.frontend.selenium.utils.config.PropertiesRepository - Loading property file : mainpage.properties
INFO main com.bayer.digitalfarming.frontend.selenium.utils.config.PropertiesRepository - Loading property file : global.properties
INFO main com.bayer.digitalfarming.frontend.selenium.utils.config.PropertiesRepository - Loading property file : log4j.properties
INFO main com.bayer.digitalfarming.frontend.selenium.utils.driverfactory.DriverFactory - Desired Capabilities : Capabilities {browserName: chrome, cssSelectorsEnabled: true, goog:chromeOptions: {args: [], binary: G:/ITPA/SeleniumFW_SVN/GitR..., extensions: [], prefs: {download.default_directory: C:/download, download.prompt_for_download: false, profile.default_content_settings.popups: 0}}, handlesAlerts: true, javascriptEnabled: true, platform: WINDOWS, takesScreenshot: true, version: }
INFO main com.bayer.digitalfarming.frontend.selenium.utils.config.PropertiesRepository - List of files to load : global.properties,mainpage.properties
INFO main com.bayer.digitalfarming.frontend.selenium.utils.config.PropertiesRepository - Loading property file : global.properties
INFO main com.bayer.digitalfarming.frontend.selenium.utils.config.PropertiesRepository - Loading property file : mainpage.properties
INFO main com.bayer.digitalfarming.frontend.selenium.utils.config.PropertiesRepository - Loading property file : global.properties
INFO main com.bayer.digitalfarming.frontend.selenium.utils.config.PropertiesRepository - Loading property file : log4j.properties
INFO main com.bayer.digitalfarming.frontend.selenium.utils.driverfactory.DriverFactory - Desired Capabilities : Capabilities {browserName: chrome, cssSelectorsEnabled: true, goog:chromeOptions: {args: [], binary: G:/ITPA/SeleniumFW_SVN/GitR..., extensions: [], prefs: {download.default_directory: C:/download, download.prompt_for_download: false, profile.default_content_settings.popups: 0}}, handlesAlerts: true, javascriptEnabled: true, platform: WINDOWS, takesScreenshot: true, version: }
INFO main com.bayer.digitalfarming.frontend.selenium.utils.config.PropertiesRepository - List of files to load : global.properties,mainpage.properties
INFO main com.bayer.digitalfarming.frontend.selenium.utils.config.PropertiesRepository - Loading property file : global.properties
INFO main com.bayer.digitalfarming.frontend.selenium.utils.config.PropertiesRepository - Loading property file : mainpage.properties
INFO main com.bayer.digitalfarming.frontend.selenium.utils.config.PropertiesRepository - Loading property file : global.properties
INFO main com.bayer.digitalfarming.frontend.selenium.utils.config.PropertiesRepository - Loading property file : log4j.properties
INFO main com.bayer.digitalfarming.frontend.selenium.utils.driverfactory.DriverFactory - Desired Capabilities : Capabilities {browserName: chrome, cssSelectorsEnabled: true, goog:chromeOptions: {args: [], binary: G:/ITPA/SeleniumFW_SVN/GitR..., extensions: []}, handlesAlerts: true, javascriptEnabled: true, platform: WINDOWS, takesScreenshot: true, version: }
INFO main com.bayer.digitalfarming.frontend.selenium.utils.config.PropertiesRepository - List of files to load : global.properties,mainpage.properties
INFO main com.bayer.digitalfarming.frontend.selenium.utils.config.PropertiesRepository - Loading property file : global.properties
INFO main com.bayer.digitalfarming.frontend.selenium.utils.config.PropertiesRepository - Loading property file : mainpage.properties
INFO main com.bayer.digitalfarming.frontend.selenium.utils.config.PropertiesRepository - Loading property file : global.properties
INFO main com.bayer.digitalfarming.frontend.selenium.utils.config.PropertiesRepository - Loading property file : log4j.properties
INFO main com.bayer.digitalfarming.frontend.selenium.utils.driverfactory.DriverFactory - Desired Capabilities : Capabilities {browserName: chrome, goog:chromeOptions: {args: [], extensions: []}, platform: ANY, version: }
INFO main com.bayer.digitalfarming.frontend.selenium.utils.config.PropertiesRepository - List of files to load : global.properties,mainpage.properties
INFO main com.bayer.digitalfarming.frontend.selenium.utils.config.PropertiesRepository - Loading property file : global.properties
INFO main com.bayer.digitalfarming.frontend.selenium.utils.config.PropertiesRepository - Loading property file : mainpage.properties
INFO main com.bayer.digitalfarming.frontend.selenium.utils.config.PropertiesRepository - Loading property file : global.properties
INFO main com.bayer.digitalfarming.frontend.selenium.utils.config.PropertiesRepository - Loading property file : log4j.properties
INFO main com.bayer.digitalfarming.frontend.selenium.utils.driverfactory.DriverFactory - Desired Capabilities : Capabilities {browserName: chrome, goog:chromeOptions: {args: [], extensions: []}, platform: ANY, version: }
INFO main com.bayer.digitalfarming.frontend.selenium.utils.config.PropertiesRepository - List of files to load : global.properties,mainpage.properties
INFO main com.bayer.digitalfarming.frontend.selenium.utils.config.PropertiesRepository - Loading property file : global.properties
INFO main com.bayer.digitalfarming.frontend.selenium.utils.config.PropertiesRepository - Loading property file : mainpage.properties
INFO main com.bayer.digitalfarming.frontend.selenium.utils.config.PropertiesRepository - Loading property file : global.properties
INFO main com.bayer.digitalfarming.frontend.selenium.utils.config.PropertiesRepository - Loading property file : log4j.properties
INFO main com.bayer.digitalfarming.frontend.selenium.utils.config.PropertiesRepository - List of files to load : global.properties,mainpage.properties
INFO main com.bayer.digitalfarming.frontend.selenium.utils.config.PropertiesRepository - Loading property file : global.properties
INFO main com.bayer.digitalfarming.frontend.selenium.utils.config.PropertiesRepository - Loading property file : mainpage.properties
INFO main com.bayer.digitalfarming.frontend.selenium.utils.config.PropertiesRepository - Loading property file : global.properties
INFO main com.bayer.digitalfarming.frontend.selenium.utils.config.PropertiesRepository - Loading property file : log4j.properties
INFO main com.bayer.digitalfarming.frontend.selenium.utils.driverfactory.DriverFactory - Desired Capabilities : Capabilities {browserName: chrome, goog:chromeOptions: {args: [], extensions: []}, platform: ANY, version: }
INFO main com.bayer.digitalfarming.frontend.selenium.utils.config.PropertiesRepository - List of files to load : global.properties,mainpage.properties
INFO main com.bayer.digitalfarming.frontend.selenium.utils.config.PropertiesRepository - Loading property file : global.properties
INFO main com.bayer.digitalfarming.frontend.selenium.utils.config.PropertiesRepository - Loading property file : mainpage.properties
INFO main com.bayer.digitalfarming.frontend.selenium.utils.config.PropertiesRepository - Loading property file : global.properties
INFO main com.bayer.digitalfarming.frontend.selenium.utils.config.PropertiesRepository - Loading property file : log4j.properties
INFO main com.bayer.digitalfarming.frontend.selenium.utils.driverfactory.DriverFactory - Desired Capabilities : Capabilities {browserName: chrome, goog:chromeOptions: {args: [], extensions: []}, platform: ANY, version: }
INFO main com.bayer.digitalfarming.frontend.selenium.utils.config.PropertiesRepository - List of files to load : global.properties,mainpage.properties
INFO main com.bayer.digitalfarming.frontend.selenium.utils.config.PropertiesRepository - Loading property file : global.properties
INFO main com.bayer.digitalfarming.frontend.selenium.utils.config.PropertiesRepository - Loading property file : mainpage.properties
INFO main com.bayer.digitalfarming.frontend.selenium.utils.config.PropertiesRepository - Loading property file : global.properties
INFO main com.bayer.digitalfarming.frontend.selenium.utils.config.PropertiesRepository - Loading property file : log4j.properties
INFO main com.bayer.digitalfarming.frontend.selenium.utils.driverfactory.DriverFactory - Desired Capabilities : Capabilities {browserName: chrome, goog:chromeOptions: {args: [], extensions: []}, platform: ANY, version: }
INFO main com.bayer.digitalfarming.frontend.selenium.utils.config.PropertiesRepository - List of files to load : global.properties,mainpage.properties
INFO main com.bayer.digitalfarming.frontend.selenium.utils.config.PropertiesRepository - Loading property file : global.properties
INFO main com.bayer.digitalfarming.frontend.selenium.utils.config.PropertiesRepository - Loading property file : mainpage.properties
INFO main com.bayer.digitalfarming.frontend.selenium.utils.config.PropertiesRepository - Loading property file : global.properties
INFO main com.bayer.digitalfarming.frontend.selenium.utils.config.PropertiesRepository - Loading property file : log4j.properties
INFO main com.bayer.digitalfarming.frontend.selenium.utils.driverfactory.DriverFactory - Desired Capabilities : Capabilities {browserName: chrome, goog:chromeOptions: {args: [], extensions: []}, platform: ANY, version: }
INFO main com.bayer.digitalfarming.frontend.selenium.utils.config.PropertiesRepository - List of files to load : global.properties,mainpage.properties
INFO main com.bayer.digitalfarming.frontend.selenium.utils.config.PropertiesRepository - Loading property file : global.properties
INFO main com.bayer.digitalfarming.frontend.selenium.utils.config.PropertiesRepository - Loading property file : mainpage.properties
INFO main com.bayer.digitalfarming.frontend.selenium.utils.config.PropertiesRepository - Loading property file : global.properties
INFO main com.bayer.digitalfarming.frontend.selenium.utils.config.PropertiesRepository - Loading property file : log4j.properties
INFO main com.bayer.digitalfarming.frontend.selenium.utils.driverfactory.DriverFactory - Desired Capabilities : Capabilities {browserName: chrome, goog:chromeOptions: {args: [], extensions: []}, platform: ANY, version: }
INFO main com.bayer.digitalfarming.frontend.selenium.utils.config.PropertiesRepository - List of files to load : global.properties,mainpage.properties
INFO main com.bayer.digitalfarming.frontend.selenium.utils.config.PropertiesRepository - Loading property file : global.properties
INFO main com.bayer.digitalfarming.frontend.selenium.utils.config.PropertiesRepository - Loading property file : mainpage.properties
INFO main com.bayer.digitalfarming.frontend.selenium.utils.config.PropertiesRepository - Loading property file : global.properties
INFO main com.bayer.digitalfarming.frontend.selenium.utils.config.PropertiesRepository - Loading property file : log4j.properties
INFO main com.bayer.digitalfarming.frontend.selenium.utils.driverfactory.DriverFactory - Desired Capabilities : Capabilities {browserName: chrome, goog:chromeOptions: {args: [–no-sandbox, –disable-infobars], extensions: []}, platform: WINDOWS, version: }
INFO main com.bayer.digitalfarming.frontend.selenium.utils.config.PropertiesRepository - List of files to load : global.properties,mainpage.properties
INFO main com.bayer.digitalfarming.frontend.selenium.utils.config.PropertiesRepository - Loading property file : global.properties
INFO main com.bayer.digitalfarming.frontend.selenium.utils.config.PropertiesRepository - Loading property file : mainpage.properties
INFO main com.bayer.digitalfarming.frontend.selenium.utils.config.PropertiesRepository - Loading property file : global.properties
INFO main com.bayer.digitalfarming.frontend.selenium.utils.config.PropertiesRepository - Loading property file : log4j.properties
INFO main com.bayer.digitalfarming.frontend.selenium.utils.config.PropertiesRepository - List of files to load : global.properties,mainpage.properties
INFO main com.bayer.digitalfarming.frontend.selenium.utils.config.PropertiesRepository - Loading property file : global.properties
INFO main com.bayer.digitalfarming.frontend.selenium.utils.config.PropertiesRepository - Loading property file : mainpage.properties
INFO main com.bayer.digitalfarming.frontend.selenium.utils.config.PropertiesRepository - Loading property file : global.properties
INFO main com.bayer.digitalfarming.frontend.selenium.utils.config.PropertiesRepository - Loading property file : log4j.properties
INFO main com.bayer.digitalfarming.frontend.selenium.utils.config.PropertiesRepository - List of files to load : global.properties,mainpage.properties
INFO main com.bayer.digitalfarming.frontend.selenium.utils.config.PropertiesRepository - Loading property file : global.properties
INFO main com.bayer.digitalfarming.frontend.selenium.utils.config.PropertiesRepository - Loading property file : mainpage.properties
INFO main com.bayer.digitalfarming.frontend.selenium.utils.config.PropertiesRepository - Loading property file : global.properties
INFO main com.bayer.digitalfarming.frontend.selenium.utils.config.PropertiesRepository - Loading property file : log4j.properties
INFO main com.bayer.digitalfarming.frontend.selenium.utils.driverfactory.DriverFactory - Desired Capabilities : Capabilities {browserName: chrome, goog:chromeOptions: {args: [–no-sandbox, –disable-infobars], extensions: []}, platform: WINDOWS, version: }
INFO main com.bayer.digitalfarming.frontend.selenium.utils.config.PropertiesRepository - List of files to load : global.properties,mainpage.properties
INFO main com.bayer.digitalfarming.frontend.selenium.utils.config.PropertiesRepository - Loading property file : global.properties
INFO main com.bayer.digitalfarming.frontend.selenium.utils.config.PropertiesRepository - Loading property file : mainpage.properties
INFO main com.bayer.digitalfarming.frontend.selenium.utils.config.PropertiesRepository - Loading property file : global.properties
INFO main com.bayer.digitalfarming.frontend.selenium.utils.config.PropertiesRepository - Loading property file : log4j.properties
INFO main com.bayer.digitalfarming.frontend.selenium.utils.driverfactory.DriverFactory - Desired Capabilities : Capabilities {browserName: chrome, goog:chromeOptions: {args: [], extensions: []}, platform: WINDOWS, version: }
INFO main com.bayer.digitalfarming.frontend.selenium.utils.config.PropertiesRepository - List of files to load : global.properties,mainpage.properties
INFO main com.bayer.digitalfarming.frontend.selenium.utils.config.PropertiesRepository - Loading property file : global.properties
INFO main com.bayer.digitalfarming.frontend.selenium.utils.config.PropertiesRepository - Loading property file : mainpage.properties
INFO main com.bayer.digitalfarming.frontend.selenium.utils.config.PropertiesRepository - Loading property file : global.properties
INFO main com.bayer.digitalfarming.frontend.selenium.utils.config.PropertiesRepository - Loading property file : log4j.properties
INFO main com.bayer.digitalfarming.frontend.selenium.utils.driverfactory.DriverFactory - Desired Capabilities : Capabilities {browserName: chrome, goog:chromeOptions: {args: [], extensions: []}, platform: WINDOWS, version: }
INFO main com.bayer.digitalfarming.frontend.selenium.utils.config.PropertiesRepository - List of files to load : global.properties,mainpage.properties
INFO main com.bayer.digitalfarming.frontend.selenium.utils.config.PropertiesRepository - Loading property file : global.properties
INFO main com.bayer.digitalfarming.frontend.selenium.utils.config.PropertiesRepository - Loading property file : mainpage.properties
INFO main com.bayer.digitalfarming.frontend.selenium.utils.config.PropertiesRepository - Loading property file : global.properties
INFO main com.bayer.digitalfarming.frontend.selenium.utils.config.PropertiesRepository - Loading property file : log4j.properties
INFO main com.bayer.digitalfarming.frontend.selenium.utils.driverfactory.DriverFactory - Desired Capabilities : Capabilities {browserName: chrome, goog:chromeOptions: {args: [], extensions: []}, platform: WINDOWS, version: }
INFO main com.bayer.digitalfarming.frontend.selenium.utils.config.PropertiesRepository - List of files to load : global.properties,mainpage.properties
INFO main com.bayer.digitalfarming.frontend.selenium.utils.config.PropertiesRepository - Loading property file : global.properties
INFO main com.bayer.digitalfarming.frontend.selenium.utils.config.PropertiesRepository - Loading property file : mainpage.properties
INFO main com.bayer.digitalfarming.frontend.selenium.utils.config.PropertiesRepository - Loading property file : global.properties
INFO main com.bayer.digitalfarming.frontend.selenium.utils.config.PropertiesRepository - Loading property file : log4j.properties
INFO main com.bayer.digitalfarming.frontend.selenium.utils.driverfactory.DriverFactory - Desired Capabilities : Capabilities {browserName: chrome, goog:chromeOptions: {args: [], extensions: []}, platform: WINDOWS, version: }
INFO main com.bayer.digitalfarming.frontend.selenium.utils.config.PropertiesRepository - List of files to load : global.properties,mainpage.properties
INFO main com.bayer.digitalfarming.frontend.selenium.utils.config.PropertiesRepository - Loading property file : global.properties
INFO main com.bayer.digitalfarming.frontend.selenium.utils.config.PropertiesRepository - Loading property file : mainpage.properties
INFO main com.bayer.digitalfarming.frontend.selenium.utils.config.PropertiesRepository - Loading property file : global.properties
INFO main com.bayer.digitalfarming.frontend.selenium.utils.config.PropertiesRepository - Loading property file : log4j.properties
INFO main com.bayer.digitalfarming.frontend.selenium.utils.driverfactory.DriverFactory - Desired Capabilities : Capabilities {browserName: chrome, goog:chromeOptions: {args: [–no-sandbox, –disable-infobars], extensions: []}, platform: WINDOWS, version: }
INFO main com.bayer.digitalfarming.frontend.selenium.utils.config.PropertiesRepository - List of files to load : global.properties,mainpage.properties
INFO main com.bayer.digitalfarming.frontend.selenium.utils.config.PropertiesRepository - Loading property file : global.properties
INFO main com.bayer.digitalfarming.frontend.selenium.utils.config.PropertiesRepository - Loading property file : mainpage.properties
INFO main com.bayer.digitalfarming.frontend.selenium.utils.config.PropertiesRepository - Loading property file : global.properties
INFO main com.bayer.digitalfarming.frontend.selenium.utils.config.PropertiesRepository - Loading property file : log4j.properties
INFO main com.bayer.digitalfarming.frontend.selenium.utils.driverfactory.DriverFactory - Desired Capabilities : Capabilities {browserName: chrome, goog:chromeOptions: {args: [–no-sandbox, –disable-infobars], extensions: []}, platform: WINDOWS, version: }
INFO main com.bayer.digitalfarming.frontend.selenium.utils.config.PropertiesRepository - List of files to load : global.properties,mainpage.properties
INFO main com.bayer.digitalfarming.frontend.selenium.utils.config.PropertiesRepository - Loading property file : global.properties
INFO main com.bayer.digitalfarming.frontend.selenium.utils.config.PropertiesRepository - Loading property file : mainpage.properties
INFO main com.bayer.digitalfarming.frontend.selenium.utils.config.PropertiesRepository - Loading property file : global.properties
INFO main com.bayer.digitalfarming.frontend.selenium.utils.config.PropertiesRepository - Loading property file : log4j.properties
INFO main com.bayer.digitalfarming.frontend.selenium.utils.driverfactory.DriverFactory - Desired Capabilities : Capabilities {Capablity_name: Capablity_value, browserName: chrome, goog:chromeOptions: {args: [-no-Sandbox, disable-popup-blocking, test-type, start-maximized, disabled-infobars], extensions: [], useAutomationExtension: false}, platform: ANY, version: }
INFO main com.bayer.digitalfarming.frontend.selenium.utils.config.PropertiesRepository - List of files to load : global.properties,mainpage.properties
INFO main com.bayer.digitalfarming.frontend.selenium.utils.config.PropertiesRepository - Loading property file : global.properties
INFO main com.bayer.digitalfarming.frontend.selenium.utils.config.PropertiesRepository - Loading property file : mainpage.properties
INFO main com.bayer.digitalfarming.frontend.selenium.utils.config.PropertiesRepository - Loading property file : global.properties
INFO main com.bayer.digitalfarming.frontend.selenium.utils.config.PropertiesRepository - Loading property file : log4j.properties
INFO main com.bayer.digitalfarming.frontend.selenium.utils.driverfactory.DriverFactory - Desired Capabilities : Capabilities {Capablity_name: Capablity_value, browserName: chrome, goog:chromeOptions: {args: [-no-Sandbox, disable-popup-blocking, test-type, start-maximized, disabled-infobars], extensions: [], useAutomationExtension: false}, platform: ANY, version: }
INFO main com.bayer.digitalfarming.frontend.selenium.utils.config.PropertiesRepository - List of files to load : global.properties,mainpage.properties
INFO main com.bayer.digitalfarming.frontend.selenium.utils.config.PropertiesRepository - Loading property file : global.properties
INFO main com.bayer.digitalfarming.frontend.selenium.utils.config.PropertiesRepository - Loading property file : mainpage.properties
INFO main com.bayer.digitalfarming.frontend.selenium.utils.config.PropertiesRepository - Loading property file : global.properties
INFO main com.bayer.digitalfarming.frontend.selenium.utils.config.PropertiesRepository - Loading property file : log4j.properties
INFO main com.bayer.digitalfarming.frontend.selenium.utils.driverfactory.DriverFactory - Desired Capabilities : Capabilities {Capablity_name: Capablity_value, browserName: chrome, goog:chromeOptions: {args: [-no-Sandbox, disable-popup-blocking, test-type, start-maximized, disabled-infobars], extensions: [], useAutomationExtension: false}, platform: ANY, version: }
INFO main com.bayer.digitalfarming.frontend.selenium.utils.config.PropertiesRepository - List of files to load : global.properties,mainpage.properties
INFO main com.bayer.digitalfarming.frontend.selenium.utils.config.PropertiesRepository - Loading property file : global.properties
INFO main com.bayer.digitalfarming.frontend.selenium.utils.config.PropertiesRepository - Loading property file : mainpage.properties
INFO main com.bayer.digitalfarming.frontend.selenium.utils.config.PropertiesRepository - Loading property file : global.properties
INFO main com.bayer.digitalfarming.frontend.selenium.utils.config.PropertiesRepository - Loading property file : log4j.properties
INFO main com.bayer.digitalfarming.frontend.selenium.utils.driverfactory.DriverFactory - Desired Capabilities : Capabilities {Capablity_name: Capablity_value, browserName: chrome, goog:chromeOptions: {args: [-no-Sandbox, disable-popup-blocking, test-type, start-maximized, disabled-infobars], extensions: [], useAutomationExtension: false}, platform: ANY, version: }
INFO main com.bayer.digitalfarming.frontend.selenium.utils.config.PropertiesRepository - List of files to load : global.properties,mainpage.properties
INFO main com.bayer.digitalfarming.frontend.selenium.utils.config.PropertiesRepository - Loading property file : global.properties
INFO main com.bayer.digitalfarming.frontend.selenium.utils.config.PropertiesRepository - Loading property file : mainpage.properties
INFO main com.bayer.digitalfarming.frontend.selenium.utils.config.PropertiesRepository - Loading property file : global.properties
INFO main com.bayer.digitalfarming.frontend.selenium.utils.config.PropertiesRepository - Loading property file : log4j.properties
INFO main com.bayer.digitalfarming.frontend.selenium.utils.driverfactory.DriverFactory - Desired Capabilities : Capabilities {Capablity_name: Capablity_value, browserName: chrome, goog:chromeOptions: {args: [-no-Sandbox, disable-popup-blocking, test-type, start-maximized, disabled-infobars], extensions: [], useAutomationExtension: false}, platform: ANY, version: }
INFO main com.bayer.digitalfarming.frontend.selenium.utils.config.PropertiesRepository - List of files to load : global.properties,mainpage.properties
INFO main com.bayer.digitalfarming.frontend.selenium.utils.config.PropertiesRepository - Loading property file : global.properties
INFO main com.bayer.digitalfarming.frontend.selenium.utils.config.PropertiesRepository - Loading property file : mainpage.properties
INFO main com.bayer.digitalfarming.frontend.selenium.utils.config.PropertiesRepository - Loading property file : global.properties
INFO main com.bayer.digitalfarming.frontend.selenium.utils.config.PropertiesRepository - Loading property file : log4j.properties
INFO main com.bayer.digitalfarming.frontend.selenium.utils.config.PropertiesRepository - List of files to load : global.properties,mainpage.properties
INFO main com.bayer.digitalfarming.frontend.selenium.utils.config.PropertiesRepository - Loading property file : global.properties
INFO main com.bayer.digitalfarming.frontend.selenium.utils.config.PropertiesRepository - Loading property file : mainpage.properties
INFO main com.bayer.digitalfarming.frontend.selenium.utils.config.PropertiesRepository - Loading property file : global.properties
INFO main com.bayer.digitalfarming.frontend.selenium.utils.config.PropertiesRepository - Loading property file : log4j.properties
INFO main com.bayer.digitalfarming.frontend.selenium.utils.driverfactory.DriverFactory - Desired Capabilities : Capabilities {Capablity_name: Capablity_value, browserName: chrome, goog:chromeOptions: {args: [-no-Sandbox, disable-popup-blocking, test-type, start-maximized, disabled-infobars], extensions: [], useAutomationExtension: false}, platform: ANY, version: }
INFO main com.bayer.digitalfarming.frontend.selenium.utils.config.PropertiesRepository - List of files to load : global.properties,mainpage.properties
INFO main com.bayer.digitalfarming.frontend.selenium.utils.config.PropertiesRepository - Loading property file : global.properties
INFO main com.bayer.digitalfarming.frontend.selenium.utils.config.PropertiesRepository - Loading property file : mainpage.properties
INFO main com.bayer.digitalfarming.frontend.selenium.utils.config.PropertiesRepository - Loading property file : global.properties
INFO main com.bayer.digitalfarming.frontend.selenium.utils.config.PropertiesRepository - Loading property file : log4j.properties
INFO main com.bayer.digitalfarming.frontend.selenium.utils.driverfactory.DriverFactory - Desired Capabilities : Capabilities {Capablity_name: Capablity_value, browserName: chrome, goog:chromeOptions: {args: [-no-Sandbox, disable-popup-blocking, test-type, start-maximized, disabled-infobars], extensions: [], useAutomationExtension: false}, platform: ANY, version: }
INFO main com.bayer.digitalfarming.frontend.selenium.utils.config.PropertiesRepository - List of files to load : global.properties,mainpage.properties
INFO main com.bayer.digitalfarming.frontend.selenium.utils.config.PropertiesRepository - Loading property file : global.properties
INFO main com.bayer.digitalfarming.frontend.selenium.utils.config.PropertiesRepository - Loading property file : mainpage.properties
INFO main com.bayer.digitalfarming.frontend.selenium.utils.config.PropertiesRepository - Loading property file : global.properties
INFO main com.bayer.digitalfarming.frontend.selenium.utils.config.PropertiesRepository - Loading property file : log4j.properties
INFO main com.bayer.digitalfarming.frontend.selenium.utils.driverfactory.DriverFactory - Desired Capabilities : Capabilities {Capablity_name: Capablity_value, browserName: chrome, goog:chromeOptions: {args: [-no-Sandbox, disable-popup-blocking, test-type, start-maximized, disabled-infobars], extensions: [], useAutomationExtension: false}, platform: ANY, version: }
INFO main com.bayer.digitalfarming.frontend.selenium.utils.config.PropertiesRepository - List of files to load : global.properties,mainpage.properties
INFO main com.bayer.digitalfarming.frontend.selenium.utils.config.PropertiesRepository - Loading property file : global.properties
INFO main com.bayer.digitalfarming.frontend.selenium.utils.config.PropertiesRepository - Loading property file : mainpage.properties
INFO main com.bayer.digitalfarming.frontend.selenium.utils.config.PropertiesRepository - Loading property file : global.properties
INFO main com.bayer.digitalfarming.frontend.selenium.utils.config.PropertiesRepository - Loading property file : log4j.properties
INFO main com.bayer.digitalfarming.frontend.selenium.utils.driverfactory.DriverFactory - Desired Capabilities : Capabilities {Capablity_name: Capablity_value, browserName: chrome, goog:chromeOptions: {args: [-no-Sandbox, disable-popup-blocking, test-type, start-maximized, disabled-infobars], extensions: [], useAutomationExtension: false}, platform: ANY, version: }
INFO main com.bayer.digitalfarming.frontend.selenium.utils.config.PropertiesRepository - List of files to load : global.properties,mainpage.properties
INFO main com.bayer.digitalfarming.frontend.selenium.utils.config.PropertiesRepository - Loading property file : global.properties
INFO main com.bayer.digitalfarming.frontend.selenium.utils.config.PropertiesRepository - Loading property file : mainpage.properties
INFO main com.bayer.digitalfarming.frontend.selenium.utils.config.PropertiesRepository - Loading property file : global.properties
INFO main com.bayer.digitalfarming.frontend.selenium.utils.config.PropertiesRepository - Loading property file : log4j.properties
INFO main com.bayer.digitalfarming.frontend.selenium.utils.driverfactory.DriverFactory - Desired Capabilities : Capabilities {Capablity_name: Capablity_value, browserName: chrome, goog:chromeOptions: {args: [-no-Sandbox, disable-popup-blocking, test-type, start-maximized, disabled-infobars], extensions: [], useAutomationExtension: false}, platform: ANY, version: }
INFO main com.bayer.digitalfarming.frontend.selenium.utils.config.PropertiesRepository - List of files to load : global.properties,mainpage.properties
INFO main com.bayer.digitalfarming.frontend.selenium.utils.config.PropertiesRepository - Loading property file : global.properties
INFO main com.bayer.digitalfarming.frontend.selenium.utils.config.PropertiesRepository - Loading property file : mainpage.properties
INFO main com.bayer.digitalfarming.frontend.selenium.utils.config.PropertiesRepository - Loading property file : global.properties
INFO main com.bayer.digitalfarming.frontend.selenium.utils.config.PropertiesRepository - Loading property file : log4j.properties
INFO main com.bayer.digitalfarming.frontend.selenium.utils.driverfactory.DriverFactory - Desired Capabilities : Capabilities {Capablity_name: Capablity_value, browserName: chrome, goog:chromeOptions: {args: [-no-Sandbox, disable-popup-blocking, test-type, start-maximized, disabled-infobars], extensions: [], useAutomationExtension: false}, platform: ANY, version: }
INFO main com.bayer.digitalfarming.frontend.selenium.utils.config.PropertiesRepository - List of files to load : global.properties,mainpage.properties
INFO main com.bayer.digitalfarming.frontend.selenium.utils.config.PropertiesRepository - Loading property file : global.properties
INFO main com.bayer.digitalfarming.frontend.selenium.utils.config.PropertiesRepository - Loading property file : mainpage.properties
INFO main com.bayer.digitalfarming.frontend.selenium.utils.config.PropertiesRepository - Loading property file : global.properties
INFO main com.bayer.digitalfarming.frontend.selenium.utils.config.PropertiesRepository - Loading property file : log4j.properties
INFO main com.bayer.digitalfarming.frontend.selenium.utils.config.PropertiesRepository - List of files to load : global.properties,mainpage.properties
INFO main com.bayer.digitalfarming.frontend.selenium.utils.config.PropertiesRepository - Loading property file : global.properties
INFO main com.bayer.digitalfarming.frontend.selenium.utils.config.PropertiesRepository - Loading property file : mainpage.properties
INFO main com.bayer.digitalfarming.frontend.selenium.utils.config.PropertiesRepository - Loading property file : global.properties
INFO main com.bayer.digitalfarming.frontend.selenium.utils.config.PropertiesRepository - Loading property file : log4j.properties
INFO main com.bayer.digitalfarming.frontend.selenium.utils.driverfactory.DriverFactory - Desired Capabilities : Capabilities {Capablity_name: Capablity_value, browserName: chrome, goog:chromeOptions: {args: [-no-Sandbox, disable-popup-blocking, test-type, start-maximized, disabled-infobars], extensions: [], useAutomationExtension: false}, platform: ANY, version: }
INFO main com.bayer.digitalfarming.frontend.selenium.utils.config.PropertiesRepository - List of files to load : global.properties,mainpage.properties
INFO main com.bayer.digitalfarming.frontend.selenium.utils.config.PropertiesRepository - Loading property file : global.properties
INFO main com.bayer.digitalfarming.frontend.selenium.utils.config.PropertiesRepository - Loading property file : mainpage.properties
INFO main com.bayer.digitalfarming.frontend.selenium.utils.config.PropertiesRepository - Loading property file : global.properties
INFO main com.bayer.digitalfarming.frontend.selenium.utils.config.PropertiesRepository - Loading property file : log4j.properties
INFO main com.bayer.digitalfarming.frontend.selenium.utils.driverfactory.DriverFactory - Desired Capabilities : Capabilities {Capablity_name: Capablity_value, browserName: chrome, goog:chromeOptions: {args: [-no-Sandbox, disable-popup-blocking, test-type, start-maximized, disabled-infobars], extensions: [], useAutomationExtension: false}, platform: ANY, version: }
INFO main com.bayer.digitalfarming.frontend.selenium.utils.config.PropertiesRepository - List of files to load : global.properties,mainpage.properties
INFO main com.bayer.digitalfarming.frontend.selenium.utils.config.PropertiesRepository - Loading property file : global.properties
INFO main com.bayer.digitalfarming.frontend.selenium.utils.config.PropertiesRepository - Loading property file : mainpage.properties
INFO main com.bayer.digitalfarming.frontend.selenium.utils.config.PropertiesRepository - Loading property file : global.properties
INFO main com.bayer.digitalfarming.frontend.selenium.utils.config.PropertiesRepository - Loading property file : log4j.properties
INFO main com.bayer.digitalfarming.frontend.selenium.utils.driverfactory.DriverFactory - Desired Capabilities : Capabilities {Capablity_name: Capablity_value, browserName: chrome, goog:chromeOptions: {args: [-no-Sandbox, disable-popup-blocking, test-type, start-maximized, disabled-infobars], extensions: [], useAutomationExtension: false}, platform: ANY, version: }
INFO main com.bayer.digitalfarming.frontend.selenium.utils.config.PropertiesRepository - List of files to load : global.properties,mainpage.properties
INFO main com.bayer.digitalfarming.frontend.selenium.utils.config.PropertiesRepository - Loading property file : global.properties
INFO main com.bayer.digitalfarming.frontend.selenium.utils.config.PropertiesRepository - Loading property file : mainpage.properties
INFO main com.bayer.digitalfarming.frontend.selenium.utils.config.PropertiesRepository - Loading property file : global.properties
INFO main com.bayer.digitalfarming.frontend.selenium.utils.config.PropertiesRepository - Loading property file : log4j.properties
INFO main com.bayer.digitalfarming.frontend.selenium.utils.driverfactory.DriverFactory - Desired Capabilities : Capabilities {Capablity_name: Capablity_value, browserName: chrome, goog:chromeOptions: {args: [-no-Sandbox, disable-popup-blocking, test-type, start-maximized, disabled-infobars], extensions: [], useAutomationExtension: false}, platform: ANY, version: }
INFO main com.bayer.digitalfarming.frontend.selenium.utils.config.PropertiesRepository - List of files to load : global.properties,mainpage.properties
INFO main com.bayer.digitalfarming.frontend.selenium.utils.config.PropertiesRepository - Loading property file : global.properties
INFO main com.bayer.digitalfarming.frontend.selenium.utils.config.PropertiesRepository - Loading property file : mainpage.properties
INFO main com.bayer.digitalfarming.frontend.selenium.utils.config.PropertiesRepository - Loading property file : global.properties
INFO main com.bayer.digitalfarming.frontend.selenium.utils.config.PropertiesRepository - Loading property file : log4j.properties
INFO main com.bayer.digitalfarming.frontend.selenium.utils.driverfactory.DriverFactory - Desired Capabilities : Capabilities {Capablity_name: Capablity_value, browserName: chrome, goog:chromeOptions: {args: [-no-Sandbox, disable-popup-blocking, test-type, start-maximized, disabled-infobars], extensions: [], useAutomationExtension: false}, platform: ANY, version: }
INFO main com.bayer.digitalfarming.frontend.selenium.utils.config.PropertiesRepository - List of files to load : global.properties,mainpage.properties
INFO main com.bayer.digitalfarming.frontend.selenium.utils.config.PropertiesRepository - Loading property file : global.properties
INFO main com.bayer.digitalfarming.frontend.selenium.utils.config.PropertiesRepository - Loading property file : mainpage.properties
INFO main com.bayer.digitalfarming.frontend.selenium.utils.config.PropertiesRepository - Loading property file : global.properties
INFO main com.bayer.digitalfarming.frontend.selenium.utils.config.PropertiesRepository - Loading property file : log4j.properties
INFO main com.bayer.digitalfarming.frontend.selenium.utils.driverfactory.DriverFactory - Desired Capabilities : Capabilities {Capablity_name: Capablity_value, browserName: chrome, goog:chromeOptions: {args: [-no-Sandbox, disable-popup-blocking, test-type, start-maximized, disabled-infobars], extensions: [], useAutomationExtension: false}, platform: ANY, version: }
INFO main com.bayer.digitalfarming.frontend.selenium.utils.config.PropertiesRepository - List of files to load : global.properties,mainpage.properties
INFO main com.bayer.digitalfarming.frontend.selenium.utils.config.PropertiesRepository - Loading property file : global.properties
INFO main com.bayer.digitalfarming.frontend.selenium.utils.config.PropertiesRepository - Loading property file : mainpage.properties
INFO main com.bayer.digitalfarming.frontend.selenium.utils.config.PropertiesRepository - Loading property file : global.properties
INFO main com.bayer.digitalfarming.frontend.selenium.utils.config.PropertiesRepository - Loading property file : log4j.properties
INFO main com.bayer.digitalfarming.frontend.selenium.utils.driverfactory.DriverFactory - Desired Capabilities : Capabilities {Capablity_name: Capablity_value, browserName: chrome, goog:chromeOptions: {args: [-no-Sandbox, disable-popup-blocking, test-type, start-maximized, disabled-infobars], extensions: [], useAutomationExtension: false}, platform: ANY, version: }
INFO main com.bayer.digitalfarming.frontend.selenium.utils.config.PropertiesRepository - List of files to load : global.properties,mainpage.properties
INFO main com.bayer.digitalfarming.frontend.selenium.utils.config.PropertiesRepository - Loading property file : global.properties
INFO main com.bayer.digitalfarming.frontend.selenium.utils.config.PropertiesRepository - Loading property file : mainpage.properties
INFO main com.bayer.digitalfarming.frontend.selenium.utils.config.PropertiesRepository - Loading property file : global.properties
INFO main com.bayer.digitalfarming.frontend.selenium.utils.config.PropertiesRepository - Loading property file : log4j.properties
INFO main com.bayer.digitalfarming.frontend.selenium.utils.driverfactory.DriverFactory - Desired Capabilities : Capabilities {Capablity_name: Capablity_value, browserName: chrome, goog:chromeOptions: {args: [-no-Sandbox, disable-popup-blocking, test-type, start-maximized, disabled-infobars], extensions: [], useAutomationExtension: false}, platform: ANY, version: }
INFO main com.bayer.digitalfarming.frontend.selenium.utils.config.PropertiesRepository - List of files to load : global.properties,mainpage.properties
INFO main com.bayer.digitalfarming.frontend.selenium.utils.config.PropertiesRepository - Loading property file : global.properties
INFO main com.bayer.digitalfarming.frontend.selenium.utils.config.PropertiesRepository - Loading property file : mainpage.properties
INFO main com.bayer.digitalfarming.frontend.selenium.utils.config.PropertiesRepository - Loading property file : global.properties
INFO main com.bayer.digitalfarming.frontend.selenium.utils.config.PropertiesRepository - Loading property file : log4j.properties
INFO main com.bayer.digitalfarming.frontend.selenium.utils.driverfactory.DriverFactory - Desired Capabilities : Capabilities {Capablity_name: Capablity_value, browserName: chrome, goog:chromeOptions: {args: [-no-Sandbox, disable-popup-blocking, test-type, start-maximized, disabled-infobars], extensions: [], useAutomationExtension: false}, platform: ANY, version: }
INFO main com.bayer.digitalfarming.frontend.selenium.utils.config.PropertiesRepository - List of files to load : global.properties,mainpage.properties
INFO main com.bayer.digitalfarming.frontend.selenium.utils.config.PropertiesRepository - Loading property file : global.properties
INFO main com.bayer.digitalfarming.frontend.selenium.utils.config.PropertiesRepository - Loading property file : mainpage.properties
INFO main com.bayer.digitalfarming.frontend.selenium.utils.config.PropertiesRepository - Loading property file : global.properties
INFO main com.bayer.digitalfarming.frontend.selenium.utils.config.PropertiesRepository - Loading property file : log4j.properties
INFO main com.bayer.digitalfarming.frontend.selenium.utils.driverfactory.DriverFactory - Desired Capabilities : Capabilities {Capablity_name: Capablity_value, browserName: chrome, goog:chromeOptions: {args: [-no-Sandbox, disable-popup-blocking, test-type, start-maximized, disabled-infobars], extensions: [], useAutomationExtension: false}, platform: ANY, version: }
INFO main com.bayer.digitalfarming.frontend.selenium.utils.config.PropertiesRepository - List of files to load : global.properties,mainpage.properties
INFO main com.bayer.digitalfarming.frontend.selenium.utils.config.PropertiesRepository - Loading property file : global.properties
INFO main com.bayer.digitalfarming.frontend.selenium.utils.config.PropertiesRepository - Loading property file : mainpage.properties
INFO main com.bayer.digitalfarming.frontend.selenium.utils.config.PropertiesRepository - Loading property file : global.properties
INFO main com.bayer.digitalfarming.frontend.selenium.utils.config.PropertiesRepository - Loading property file : log4j.properties
INFO main com.bayer.digitalfarming.frontend.selenium.utils.driverfactory.DriverFactory - Desired Capabilities : Capabilities {Capablity_name: Capablity_value, browserName: chrome, goog:chromeOptions: {args: [-no-Sandbox, disable-popup-blocking, test-type, start-maximized, disabled-infobars], extensions: [], useAutomationExtension: false}, platform: ANY, version: }
INFO main com.bayer.digitalfarming.frontend.selenium.utils.config.PropertiesRepository - List of files to load : mainpage.properties
INFO main com.bayer.digitalfarming.frontend.selenium.utils.config.PropertiesRepository - Loading property file : mainpage.properties
INFO main com.bayer.digitalfarming.frontend.selenium.utils.config.PropertiesRepository - Loading property file : global.properties
INFO main com.bayer.digitalfarming.frontend.selenium.utils.config.PropertiesRepository - Loading property file : log4j.properties
INFO main com.bayer.digitalfarming.frontend.selenium.utils.driverfactory.DriverFactory - Desired Capabilities : Capabilities {Capablity_name: Capablity_value, browserName: chrome, goog:chromeOptions: {args: [-no-Sandbox, disable-popup-blocking, test-type, start-maximized, disabled-infobars], extensions: [], useAutomationExtension: false}, platform: ANY, version: }
INFO main com.bayer.digitalfarming.frontend.selenium.utils.config.PropertiesRepository - List of files to load : mainpage.properties
INFO main com.bayer.digitalfarming.frontend.selenium.utils.config.PropertiesRepository - Loading property file : mainpage.properties
INFO main com.bayer.digitalfarming.frontend.selenium.utils.config.PropertiesRepository - Loading property file : global.properties
INFO main com.bayer.digitalfarming.frontend.selenium.utils.config.PropertiesRepository - Loading property file : log4j.properties
INFO main com.bayer.digitalfarming.frontend.selenium.utils.driverfactory.DriverFactory - Desired Capabilities : Capabilities {Capablity_name: Capablity_value, browserName: chrome, goog:chromeOptions: {args: [-no-Sandbox, disable-popup-blocking, test-type, start-maximized, disabled-infobars], extensions: [], useAutomationExtension: false}, platform: ANY, version: }
INFO main com.bayer.digitalfarming.frontend.selenium.utils.config.PropertiesRepository - List of files to load : mainpage.properties
INFO main com.bayer.digitalfarming.frontend.selenium.utils.config.PropertiesRepository - Loading property file : mainpage.properties
INFO main com.bayer.digitalfarming.frontend.selenium.utils.config.PropertiesRepository - Loading property file : global.properties
INFO main com.bayer.digitalfarming.frontend.selenium.utils.config.PropertiesRepository - Loading property file : log4j.properties
INFO main com.bayer.digitalfarming.frontend.selenium.utils.driverfactory.DriverFactory - Desired Capabilities : Capabilities {Capablity_name: Capablity_value, browserName: chrome, goog:chromeOptions: {args: [-no-Sandbox, disable-popup-blocking, test-type, start-maximized, disabled-infobars], extensions: [], useAutomationExtension: false}, platform: ANY, version: }
INFO main com.bayer.digitalfarming.frontend.selenium.utils.config.PropertiesRepository - List of files to load : mainpage.properties
INFO main com.bayer.digitalfarming.frontend.selenium.utils.config.PropertiesRepository - Loading property file : mainpage.properties
INFO main com.bayer.digitalfarming.frontend.selenium.utils.config.PropertiesRepository - Loading property file : global.properties
INFO main com.bayer.digitalfarming.frontend.selenium.utils.config.PropertiesRepository - Loading property file : log4j.properties
INFO main com.bayer.digitalfarming.frontend.selenium.utils.driverfactory.DriverFactory - Desired Capabilities : Capabilities {Capablity_name: Capablity_value, browserName: chrome, goog:chromeOptions: {args: [-no-Sandbox, disable-popup-blocking, test-type, start-maximized, disabled-infobars], extensions: [], useAutomationExtension: false}, platform: ANY, version: }
INFO main com.bayer.digitalfarming.frontend.selenium.utils.config.PropertiesRepository - List of files to load : mainpage.properties
INFO main com.bayer.digitalfarming.frontend.selenium.utils.config.PropertiesRepository - Loading property file : mainpage.properties
INFO main com.bayer.digitalfarming.frontend.selenium.utils.config.PropertiesRepository - Loading property file : global.properties
INFO main com.bayer.digitalfarming.frontend.selenium.utils.config.PropertiesRepository - Loading property file : log4j.properties
INFO main com.bayer.digitalfarming.frontend.selenium.utils.driverfactory.DriverFactory - Desired Capabilities : Capabilities {Capablity_name: Capablity_value, browserName: chrome, goog:chromeOptions: {args: [-no-Sandbox, disable-popup-blocking, test-type, start-maximized, disabled-infobars], extensions: [], useAutomationExtension: false}, platform: ANY, version: }
INFO main com.bayer.digitalfarming.frontend.selenium.utils.config.PropertiesRepository - List of files to load : mainpage.properties
INFO main com.bayer.digitalfarming.frontend.selenium.utils.config.PropertiesRepository - Loading property file : mainpage.properties
INFO main com.bayer.digitalfarming.frontend.selenium.utils.config.PropertiesRepository - Loading property file : global.properties
INFO main com.bayer.digitalfarming.frontend.selenium.utils.config.PropertiesRepository - Loading property file : log4j.properties
INFO main com.bayer.digitalfarming.frontend.selenium.utils.driverfactory.DriverFactory - Desired Capabilities : Capabilities {Capablity_name: Capablity_value, browserName: chrome, goog:chromeOptions: {args: [-no-Sandbox, disable-popup-blocking, test-type, start-maximized, disabled-infobars], extensions: [], useAutomationExtension: false}, platform: ANY, version: }
